[2026-09-30 22:33:29.604] [INFO] 日志文件: C:\Users\Eason\Desktop\pjpk\ADS122016\pc_ui\logs\log_20260930_223329.log
[2026-09-30 22:33:29.825] [INFO] 扫描到 2 个串口: COM3, COM4
[2026-09-30 22:33:29.825] [INFO] 界面已启动 (演示模式: 使用虚拟下位机)
[2026-09-30 22:33:30.608] [INFO] 已连接虚拟下位机 (DEMO)
[2026-09-30 22:33:30.715] [INFO] 串口已连接: DEMO @ 460800
[2026-09-30 22:33:30.715] [INFO] 演示模式: 虚拟下位机已启动 (DEMO)
[2026-09-30 22:33:31.019] [INFO] 发送 设置采样率 20 SPS / 不抑制: AA 01 02 00 00 9C 24
[2026-09-30 22:33:31.020] [INFO] 发送 启动采集: AA 02 01 01 40 6C
[2026-09-30 22:33:31.297] [WARN] CRC 校验失败, 已丢弃帧 (累计 1)
[2026-09-30 22:33:31.405] [WARN] CRC 校验失败, 已丢弃帧 (累计 2)
[2026-09-30 22:33:31.513] [WARN] CRC 校验失败, 已丢弃帧 (累计 2)
[2026-09-30 22:33:31.666] [WARN] CRC 校验失败, 已丢弃帧 (累计 3)
[2026-09-30 22:33:31.775] [WARN] CRC 校验失败, 已丢弃帧 (累计 3)
[2026-09-30 22:33:31.917] [WARN] CRC 校验失败, 已丢弃帧 (累计 4)
[2026-09-30 22:33:31.918] [WARN] CRC 校验失败, 已丢弃帧 (累计 4)
[2026-09-30 22:33:32.062] [WARN] CRC 校验失败, 已丢弃帧 (累计 4)
[2026-09-30 22:33:32.206] [WARN] CRC 校验失败, 已丢弃帧 (累计 4)
[2026-09-30 22:33:32.206] [WARN] CRC 校验失败, 已丢弃帧 (累计 4)
[2026-09-30 22:33:32.347] [WARN] CRC 校验失败, 已丢弃帧 (累计 5)
[2026-09-30 22:33:32.456] [WARN] CRC 校验失败, 已丢弃帧 (累计 6)
[2026-09-30 22:33:32.569] [WARN] CRC 校验失败, 已丢弃帧 (累计 6)
[2026-09-30 22:33:32.711] [WARN] CRC 校验失败, 已丢弃帧 (累计 6)
[2026-09-30 22:33:32.855] [WARN] CRC 校验失败, 已丢弃帧 (累计 6)
[2026-09-30 22:33:32.855] [WARN] CRC 校验失败, 已丢弃帧 (累计 6)
[2026-09-30 22:33:33.042] [WARN] CRC 校验失败, 已丢弃帧 (累计 6)
[2026-09-30 22:33:33.185] [WARN] 警告: 采样率 600 SPS 建议使用 460800 波特率 (115200 下 133 字节/帧约 11.5ms)
[2026-09-30 22:33:33.185] [INFO] 发送 设置采样率 600 SPS / 不抑制: AA 01 02 05 00 9F 74
[2026-09-30 22:33:33.186] [WARN] CRC 校验失败, 已丢弃帧 (累计 6)
[2026-09-30 22:33:33.186] [WARN] CRC 校验失败, 已丢弃帧 (累计 6)
[2026-09-30 22:33:33.330] [WARN] CRC 校验失败, 已丢弃帧 (累计 7)
[2026-09-30 22:33:33.439] [WARN] CRC 校验失败, 已丢弃帧 (累计 7)
[2026-09-30 22:33:33.588] [WARN] CRC 校验失败, 已丢弃帧 (累计 8)
[2026-09-30 22:33:33.589] [WARN] CRC 校验失败, 已丢弃帧 (累计 8)
[2026-09-30 22:33:33.730] [WARN] CRC 校验失败, 已丢弃帧 (累计 9)
[2026-09-30 22:33:33.838] [WARN] CRC 校验失败, 已丢弃帧 (累计 9)
[2026-09-30 22:33:33.983] [WARN] CRC 校验失败, 已丢弃帧 (累计 10)
[2026-09-30 22:33:34.094] [WARN] CRC 校验失败, 已丢弃帧 (累计 10)
[2026-09-30 22:33:34.235] [WARN] CRC 校验失败, 已丢弃帧 (累计 11)
[2026-09-30 22:33:34.236] [WARN] CRC 校验失败, 已丢弃帧 (累计 11)
[2026-09-30 22:33:34.377] [WARN] CRC 校验失败, 已丢弃帧 (累计 12)
[2026-09-30 22:33:34.486] [WARN] CRC 校验失败, 已丢弃帧 (累计 12)
[2026-09-30 22:33:34.642] [WARN] CRC 校验失败, 已丢弃帧 (累计 13)
[2026-09-30 22:33:34.643] [WARN] CRC 校验失败, 已丢弃帧 (累计 14)
[2026-09-30 22:33:34.752] [WARN] CRC 校验失败, 已丢弃帧 (累计 14)
[2026-09-30 22:33:34.896] [INFO] 发送 设置采样率 20 SPS / 同时抑制50+60Hz: AA 01 02 00 01 5D E4
[2026-09-30 22:33:34.896] [WARN] CRC 校验失败, 已丢弃帧 (累计 14)
[2026-09-30 22:33:35.042] [WARN] CRC 校验失败, 已丢弃帧 (累计 14)
[2026-09-30 22:33:35.184] [WARN] CRC 校验失败, 已丢弃帧 (累计 15)
[2026-09-30 22:33:35.184] [WARN] CRC 校验失败, 已丢弃帧 (累计 16)
[2026-09-30 22:33:35.293] [WARN] CRC 校验失败, 已丢弃帧 (累计 16)
[2026-09-30 22:33:35.435] [WARN] CRC 校验失败, 已丢弃帧 (累计 16)
[2026-09-30 22:33:35.586] [WARN] CRC 校验失败, 已丢弃帧 (累计 17)
[2026-09-30 22:33:35.586] [WARN] CRC 校验失败, 已丢弃帧 (累计 17)
[2026-09-30 22:33:35.726] [WARN] CRC 校验失败, 已丢弃帧 (累计 18)
[2026-09-30 22:33:35.835] [WARN] CRC 校验失败, 已丢弃帧 (累计 18)
[2026-09-30 22:33:35.977] [WARN] CRC 校验失败, 已丢弃帧 (累计 18)
[2026-09-30 22:33:36.117] [WARN] CRC 校验失败, 已丢弃帧 (累计 19)
[2026-09-30 22:33:36.117] [WARN] CRC 校验失败, 已丢弃帧 (累计 19)
[2026-09-30 22:33:36.257] [WARN] CRC 校验失败, 已丢弃帧 (累计 19)
[2026-09-30 22:33:36.397] [WARN] CRC 校验失败, 已丢弃帧 (累计 19)
[2026-09-30 22:33:36.537] [INFO] 发送 停止采集: AA 02 01 00 81 AC
[2026-09-30 22:33:36.537] [WARN] CRC 校验失败, 已丢弃帧 (累计 19)
[2026-09-30 22:33:36.538] [WARN] CRC 校验失败, 已丢弃帧 (累计 20)
[2026-09-30 22:33:38.431] [INFO] 发送 单次读取全部通道: AA 03 01 FF 90 2C
[2026-09-30 22:33:38.432] [INFO] 单次读取结果: 30/32 路有效
[2026-09-30 22:33:38.432] [WARN] CRC 校验失败, 已丢弃帧 (累计 20)
[2026-09-30 22:33:39.637] [INFO] 发送 启动采集: AA 02 01 01 40 6C
[2026-09-30 22:33:39.745] [WARN] CRC 校验失败, 已丢弃帧 (累计 21)
[2026-09-30 22:33:39.853] [WARN] CRC 校验失败, 已丢弃帧 (累计 22)
[2026-09-30 22:33:39.961] [WARN] CRC 校验失败, 已丢弃帧 (累计 23)
[2026-09-30 22:33:40.070] [WARN] CRC 校验失败, 已丢弃帧 (累计 23)
[2026-09-30 22:33:40.213] [WARN] CRC 校验失败, 已丢弃帧 (累计 23)
[2026-09-30 22:33:40.213] [WARN] CRC 校验失败, 已丢弃帧 (累计 24)
[2026-09-30 22:33:40.353] [WARN] CRC 校验失败, 已丢弃帧 (累计 25)
[2026-09-30 22:33:40.462] [WARN] CRC 校验失败, 已丢弃帧 (累计 25)
[2026-09-30 22:33:40.611] [WARN] CRC 校验失败, 已丢弃帧 (累计 26)
[2026-09-30 22:33:40.612] [WARN] CRC 校验失败, 已丢弃帧 (累计 27)
[2026-09-30 22:33:40.720] [WARN] CRC 校验失败, 已丢弃帧 (累计 27)
[2026-09-30 22:33:40.861] [WARN] CRC 校验失败, 已丢弃帧 (累计 27)
[2026-09-30 22:33:41.003] [WARN] CRC 校验失败, 已丢弃帧 (累计 28)
[2026-09-30 22:33:41.113] [WARN] CRC 校验失败, 已丢弃帧 (累计 29)
[2026-09-30 22:33:41.222] [INFO] 曲线已暂停 (数据仍在接收/记录)
[2026-09-30 22:33:41.224] [INFO] 曲线已继续 (数据仍在接收/记录)
[2026-09-30 22:33:41.224] [INFO] 保留点数 = 120
[2026-09-30 22:33:41.224] [INFO] 超温门限 = 500.0 °C
[2026-09-30 22:33:41.225] [INFO] 超温门限 = 1000.0 °C
[2026-09-30 22:33:41.226] [INFO] 开始记录 -> C:\Users\Eason\Desktop\pjpk\ADS122016\pc_ui\_gui_selftest_data\temperature_20260930_223341.csv
[2026-09-30 22:33:41.226] [WARN] CRC 校验失败, 已丢弃帧 (累计 30)
[2026-09-30 22:33:41.358] [WARN] CRC 校验失败, 已丢弃帧 (累计 31)
[2026-09-30 22:33:41.358] [WARN] CRC 校验失败, 已丢弃帧 (累计 31)
[2026-09-30 22:33:41.498] [WARN] CRC 校验失败, 已丢弃帧 (累计 31)
[2026-09-30 22:33:41.649] [WARN] CRC 校验失败, 已丢弃帧 (累计 31)
[2026-09-30 22:33:41.789] [WARN] CRC 校验失败, 已丢弃帧 (累计 31)
[2026-09-30 22:33:41.790] [WARN] CRC 校验失败, 已丢弃帧 (累计 31)
[2026-09-30 22:33:41.935] [WARN] CRC 校验失败, 已丢弃帧 (累计 32)
[2026-09-30 22:33:42.043] [WARN] CRC 校验失败, 已丢弃帧 (累计 32)
[2026-09-30 22:33:42.185] [WARN] CRC 校验失败, 已丢弃帧 (累计 33)
[2026-09-30 22:33:42.294] [WARN] CRC 校验失败, 已丢弃帧 (累计 34)
[2026-09-30 22:33:42.403] [WARN] CRC 校验失败, 已丢弃帧 (累计 34)
[2026-09-30 22:33:42.403] [WARN] CRC 校验失败, 已丢弃帧 (累计 34)
[2026-09-30 22:33:42.545] [WARN] CRC 校验失败, 已丢弃帧 (累计 35)
[2026-09-30 22:33:42.655] [WARN] CRC 校验失败, 已丢弃帧 (累计 35)
[2026-09-30 22:33:42.797] [WARN] CRC 校验失败, 已丢弃帧 (累计 35)
[2026-09-30 22:33:42.938] [WARN] CRC 校验失败, 已丢弃帧 (累计 35)
[2026-09-30 22:33:42.938] [WARN] CRC 校验失败, 已丢弃帧 (累计 35)
[2026-09-30 22:33:43.080] [WARN] CRC 校验失败, 已丢弃帧 (累计 35)
[2026-09-30 22:33:43.221] [WARN] CRC 校验失败, 已丢弃帧 (累计 35)
[2026-09-30 22:33:43.365] [WARN] CRC 校验失败, 已丢弃帧 (累计 35)
[2026-09-30 22:33:43.365] [WARN] CRC 校验失败, 已丢弃帧 (累计 36)
[2026-09-30 22:33:43.510] [WARN] CRC 校验失败, 已丢弃帧 (累计 37)
[2026-09-30 22:33:43.622] [WARN] CRC 校验失败, 已丢弃帧 (累计 38)
[2026-09-30 22:33:43.733] [INFO] 停止记录: 15 行 -> C:\Users\Eason\Desktop\pjpk\ADS122016\pc_ui\_gui_selftest_data\temperature_20260930_223341.csv
[2026-09-30 22:33:43.736] [INFO] 串口已断开
[2026-09-30 22:33:43.736] [WARN] CRC 校验失败, 已丢弃帧 (累计 39)
[2026-09-30 22:33:43.736] [INFO] 演示模式: 虚拟下位机已停止
