[2026-10-04 11:49:43.500] [INFO] 日志文件: C:\Users\Eason\Desktop\pjpk\ADS122016\pc_ui\logs\log_20261004_114943.log
[2026-10-04 11:49:43.722] [INFO] 分度表已加载: K 型 1643 点 -270…1372 °C  (-6458…54886 µV)   sha256 678e9720…
[2026-10-04 11:49:43.727] [INFO] 扫描到 4 个串口: COM1, COM2, COM3, COM4
[2026-10-04 11:49:43.727] [INFO] 界面已启动 (演示模式: 使用虚拟下位机)
[2026-10-04 11:49:44.296] [INFO] 已连接虚拟下位机 (DEMO)
[2026-10-04 11:49:44.406] [INFO] 串口已连接: DEMO @ 460800
[2026-10-04 11:49:44.406] [INFO] 演示模式: 虚拟下位机已启动 (DEMO)
[2026-10-04 11:49:44.409] [INFO] 固件上报模式: 原始帧 CMD=0x12 (µV + 冷端 °C, 温度由上位机查分度表算)
[2026-10-04 11:49:44.425] [INFO] 识别到本板通道数: 8 路 (4 片 ADS1220)
[2026-10-04 11:49:44.779] [INFO] 发送 设置采样率 20 SPS / 不抑制: AA 01 02 00 00 9C 24
[2026-10-04 11:49:44.779] [INFO] 发送 启动采集: AA 02 01 01 40 6C
[2026-10-04 11:49:45.027] [WARN] CRC 校验失败, 已丢弃帧 (累计 1)
[2026-10-04 11:49:45.158] [WARN] CRC 校验失败, 已丢弃帧 (累计 2)
[2026-10-04 11:49:45.268] [WARN] CRC 校验失败, 已丢弃帧 (累计 3)
[2026-10-04 11:49:45.378] [WARN] CRC 校验失败, 已丢弃帧 (累计 3)
[2026-10-04 11:49:45.509] [WARN] CRC 校验失败, 已丢弃帧 (累计 3)
[2026-10-04 11:49:45.640] [WARN] CRC 校验失败, 已丢弃帧 (累计 3)
[2026-10-04 11:49:45.640] [WARN] CRC 校验失败, 已丢弃帧 (累计 3)
[2026-10-04 11:49:45.782] [WARN] CRC 校验失败, 已丢弃帧 (累计 3)
[2026-10-04 11:49:45.925] [WARN] CRC 校验失败, 已丢弃帧 (累计 3)
[2026-10-04 11:49:46.065] [WARN] CRC 校验失败, 已丢弃帧 (累计 3)
[2026-10-04 11:49:46.065] [WARN] CRC 校验失败, 已丢弃帧 (累计 3)
[2026-10-04 11:49:46.198] [WARN] CRC 校验失败, 已丢弃帧 (累计 3)
[2026-10-04 11:49:46.334] [WARN] CRC 校验失败, 已丢弃帧 (累计 4)
[2026-10-04 11:49:46.454] [WARN] CRC 校验失败, 已丢弃帧 (累计 4)
[2026-10-04 11:49:46.454] [WARN] CRC 校验失败, 已丢弃帧 (累计 4)
[2026-10-04 11:49:46.588] [WARN] CRC 校验失败, 已丢弃帧 (累计 4)
[2026-10-04 11:49:46.721] [WARN] CRC 校验失败, 已丢弃帧 (累计 5)
[2026-10-04 11:49:46.830] [WARN] 警告: 采样率 600 SPS 建议使用 460800 波特率 (115200 下 133 字节/帧约 11.5ms, 197 字节原始帧约 17.1ms)
[2026-10-04 11:49:46.831] [INFO] 发送 设置采样率 600 SPS / 不抑制: AA 01 02 05 00 9F 74
[2026-10-04 11:49:46.831] [WARN] CRC 校验失败, 已丢弃帧 (累计 6)
[2026-10-04 11:49:46.957] [WARN] CRC 校验失败, 已丢弃帧 (累计 6)
[2026-10-04 11:49:47.090] [WARN] CRC 校验失败, 已丢弃帧 (累计 6)
[2026-10-04 11:49:47.091] [WARN] CRC 校验失败, 已丢弃帧 (累计 6)
[2026-10-04 11:49:47.222] [WARN] CRC 校验失败, 已丢弃帧 (累计 7)
[2026-10-04 11:49:47.332] [WARN] CRC 校验失败, 已丢弃帧 (累计 7)
[2026-10-04 11:49:47.474] [WARN] CRC 校验失败, 已丢弃帧 (累计 7)
[2026-10-04 11:49:47.609] [WARN] CRC 校验失败, 已丢弃帧 (累计 7)
[2026-10-04 11:49:47.609] [WARN] CRC 校验失败, 已丢弃帧 (累计 7)
[2026-10-04 11:49:47.741] [WARN] CRC 校验失败, 已丢弃帧 (累计 7)
[2026-10-04 11:49:47.889] [WARN] CRC 校验失败, 已丢弃帧 (累计 7)
[2026-10-04 11:49:48.023] [WARN] CRC 校验失败, 已丢弃帧 (累计 7)
[2026-10-04 11:49:48.023] [WARN] CRC 校验失败, 已丢弃帧 (累计 7)
[2026-10-04 11:49:48.156] [WARN] CRC 校验失败, 已丢弃帧 (累计 8)
[2026-10-04 11:49:48.266] [WARN] CRC 校验失败, 已丢弃帧 (累计 8)
[2026-10-04 11:49:48.399] [WARN] CRC 校验失败, 已丢弃帧 (累计 9)
[2026-10-04 11:49:48.508] [INFO] 发送 设置采样率 20 SPS / 同时抑制50+60Hz: AA 01 02 00 01 5D E4
[2026-10-04 11:49:48.508] [WARN] CRC 校验失败, 已丢弃帧 (累计 9)
[2026-10-04 11:49:48.647] [WARN] CRC 校验失败, 已丢弃帧 (累计 9)
[2026-10-04 11:49:48.647] [WARN] CRC 校验失败, 已丢弃帧 (累计 10)
[2026-10-04 11:49:48.786] [WARN] CRC 校验失败, 已丢弃帧 (累计 11)
[2026-10-04 11:49:48.906] [WARN] CRC 校验失败, 已丢弃帧 (累计 12)
[2026-10-04 11:49:49.015] [WARN] CRC 校验失败, 已丢弃帧 (累计 13)
[2026-10-04 11:49:49.125] [WARN] CRC 校验失败, 已丢弃帧 (累计 13)
[2026-10-04 11:49:49.257] [WARN] CRC 校验失败, 已丢弃帧 (累计 13)
[2026-10-04 11:49:49.257] [WARN] CRC 校验失败, 已丢弃帧 (累计 13)
[2026-10-04 11:49:49.389] [WARN] CRC 校验失败, 已丢弃帧 (累计 13)
[2026-10-04 11:49:49.522] [WARN] CRC 校验失败, 已丢弃帧 (累计 14)
[2026-10-04 11:49:49.632] [WARN] CRC 校验失败, 已丢弃帧 (累计 15)
[2026-10-04 11:49:49.742] [WARN] CRC 校验失败, 已丢弃帧 (累计 15)
[2026-10-04 11:49:49.742] [WARN] CRC 校验失败, 已丢弃帧 (累计 16)
[2026-10-04 11:49:49.880] [WARN] CRC 校验失败, 已丢弃帧 (累计 16)
[2026-10-04 11:49:50.020] [WARN] CRC 校验失败, 已丢弃帧 (累计 16)
[2026-10-04 11:49:50.153] [INFO] 发送 停止采集: AA 02 01 00 81 AC
[2026-10-04 11:49:50.154] [WARN] CRC 校验失败, 已丢弃帧 (累计 16)
[2026-10-04 11:49:50.155] [WARN] CRC 校验失败, 已丢弃帧 (累计 16)
[2026-10-04 11:49:52.058] [INFO] 发送 单次读取全部通道: AA 03 01 FF 90 2C
[2026-10-04 11:49:52.058] [WARN] CRC 校验失败, 已丢弃帧 (累计 17)
[2026-10-04 11:49:53.170] [ERROR] 已 3.0s 未收到温度帧 —— 请检查下位机是否在运行 / 波特率是否匹配
[2026-10-04 11:49:53.279] [INFO] 发送 启动采集: AA 02 01 01 40 6C
[2026-10-04 11:49:53.388] [WARN] CRC 校验失败, 已丢弃帧 (累计 18)
[2026-10-04 11:49:53.388] [INFO] 单次读取结果: 8/32 路有效
[2026-10-04 11:49:53.388] [WARN] CRC 校验失败, 已丢弃帧 (累计 18)
[2026-10-04 11:49:53.501] [WARN] CRC 校验失败, 已丢弃帧 (累计 18)
[2026-10-04 11:49:53.633] [WARN] CRC 校验失败, 已丢弃帧 (累计 19)
[2026-10-04 11:49:53.744] [WARN] CRC 校验失败, 已丢弃帧 (累计 19)
[2026-10-04 11:49:53.882] [WARN] CRC 校验失败, 已丢弃帧 (累计 20)
[2026-10-04 11:49:53.991] [WARN] CRC 校验失败, 已丢弃帧 (累计 21)
[2026-10-04 11:49:54.101] [WARN] CRC 校验失败, 已丢弃帧 (累计 22)
[2026-10-04 11:49:54.212] [WARN] CRC 校验失败, 已丢弃帧 (累计 22)
[2026-10-04 11:49:54.212] [WARN] CRC 校验失败, 已丢弃帧 (累计 23)
[2026-10-04 11:49:54.344] [WARN] CRC 校验失败, 已丢弃帧 (累计 24)
[2026-10-04 11:49:54.455] [WARN] CRC 校验失败, 已丢弃帧 (累计 25)
[2026-10-04 11:49:54.564] [WARN] CRC 校验失败, 已丢弃帧 (累计 26)
[2026-10-04 11:49:54.674] [WARN] CRC 校验失败, 已丢弃帧 (累计 27)
[2026-10-04 11:49:54.794] [INFO] 曲线已暂停 (数据仍在接收/记录)
[2026-10-04 11:49:54.796] [INFO] 曲线已继续 (数据仍在接收/记录)
[2026-10-04 11:49:54.796] [INFO] 保留点数 = 120
[2026-10-04 11:49:54.796] [INFO] 超温门限 = 500.0 °C
[2026-10-04 11:49:54.796] [INFO] 超温门限 = 1000.0 °C
[2026-10-04 11:49:54.797] [INFO] 开始记录 -> C:\Users\Eason\Desktop\pjpk\ADS122016\pc_ui\_gui_selftest_data\temperature_20261004_114954.csv
[2026-10-04 11:49:54.797] [WARN] CRC 校验失败, 已丢弃帧 (累计 28)
[2026-10-04 11:49:54.935] [WARN] CRC 校验失败, 已丢弃帧 (累计 29)
[2026-10-04 11:49:54.935] [WARN] CRC 校验失败, 已丢弃帧 (累计 30)
[2026-10-04 11:49:55.045] [WARN] CRC 校验失败, 已丢弃帧 (累计 30)
[2026-10-04 11:49:55.176] [WARN] CRC 校验失败, 已丢弃帧 (累计 31)
[2026-10-04 11:49:55.285] [WARN] CRC 校验失败, 已丢弃帧 (累计 31)
[2026-10-04 11:49:55.419] [WARN] CRC 校验失败, 已丢弃帧 (累计 31)
[2026-10-04 11:49:55.551] [WARN] CRC 校验失败, 已丢弃帧 (累计 31)
[2026-10-04 11:49:55.552] [WARN] CRC 校验失败, 已丢弃帧 (累计 32)
[2026-10-04 11:49:55.683] [WARN] CRC 校验失败, 已丢弃帧 (累计 32)
[2026-10-04 11:49:55.816] [WARN] CRC 校验失败, 已丢弃帧 (累计 32)
[2026-10-04 11:49:55.955] [WARN] CRC 校验失败, 已丢弃帧 (累计 33)
[2026-10-04 11:49:56.065] [WARN] CRC 校验失败, 已丢弃帧 (累计 33)
[2026-10-04 11:49:56.196] [WARN] CRC 校验失败, 已丢弃帧 (累计 34)
[2026-10-04 11:49:56.197] [WARN] CRC 校验失败, 已丢弃帧 (累计 34)
[2026-10-04 11:49:56.327] [WARN] CRC 校验失败, 已丢弃帧 (累计 35)
[2026-10-04 11:49:56.436] [WARN] CRC 校验失败, 已丢弃帧 (累计 35)
[2026-10-04 11:49:56.567] [WARN] CRC 校验失败, 已丢弃帧 (累计 35)
[2026-10-04 11:49:56.700] [WARN] CRC 校验失败, 已丢弃帧 (累计 35)
[2026-10-04 11:49:56.700] [WARN] CRC 校验失败, 已丢弃帧 (累计 35)
[2026-10-04 11:49:56.832] [WARN] CRC 校验失败, 已丢弃帧 (累计 36)
[2026-10-04 11:49:56.956] [WARN] CRC 校验失败, 已丢弃帧 (累计 36)
[2026-10-04 11:49:57.087] [WARN] CRC 校验失败, 已丢弃帧 (累计 37)
[2026-10-04 11:49:57.197] [WARN] CRC 校验失败, 已丢弃帧 (累计 37)
[2026-10-04 11:49:57.343] [INFO] 停止记录: 14 行 -> C:\Users\Eason\Desktop\pjpk\ADS122016\pc_ui\_gui_selftest_data\temperature_20261004_114954.csv
[2026-10-04 11:49:57.348] [INFO] 串口已断开
[2026-10-04 11:49:57.348] [WARN] CRC 校验失败, 已丢弃帧 (累计 38)
[2026-10-04 11:49:57.349] [WARN] CRC 校验失败, 已丢弃帧 (累计 38)
[2026-10-04 11:49:57.349] [INFO] 演示模式: 虚拟下位机已停止
