[2026-10-04 21:12:29.401] [INFO] 日志文件: C:\Users\Eason\Desktop\pjpk\ADS122016\pc_ui\logs\log_20261004_211229.log
[2026-10-04 21:12:29.922] [INFO] 分度表已加载: K 型 1643 点 -270…1372 °C  (-6458…54886 µV)   sha256 678e9720…
[2026-10-04 21:12:29.953] [INFO] 扫描到 4 个串口: COM1, COM2, COM3, COM4
[2026-10-04 21:12:29.965] [INFO] 界面已启动
[2026-10-04 21:12:36.528] [INFO] 正在打开串口 COM1 @ 115200 ...
[2026-10-04 21:12:36.659] [INFO] 串口已连接: COM1 @ 115200
[2026-10-04 21:12:36.932] [INFO] 发送 设置采样率 20 SPS / 不抑制: AA 01 02 00 00 9C 24
[2026-10-04 21:12:36.949] [INFO] 发送 设置软件平均次数 N=1: AA 04 01 01 A0 6D
[2026-10-04 21:12:36.955] [INFO] 软件平均 1 次: 噪声约降为 1/√1, 每通道耗时约 x1
[2026-10-04 21:12:36.963] [INFO] 发送 启动采集: AA 02 01 01 40 6C
[2026-10-04 21:12:38.359] [INFO] 发送 启动采集: AA 02 01 01 40 6C
[2026-10-04 21:12:41.279] [INFO] 开始记录 -> C:\Users\Eason\Desktop\pjpk\ADS122016\data\temperature_20261004_211241.csv
[2026-10-04 21:12:42.613] [INFO] 发送 停止采集: AA 02 01 00 81 AC
[2026-10-04 21:12:43.483] [INFO] 停止记录: 0 行 -> C:\Users\Eason\Desktop\pjpk\ADS122016\data\temperature_20261004_211241.csv
[2026-10-04 21:12:44.566] [INFO] 发送 启动采集: AA 02 01 01 40 6C
[2026-10-04 21:12:45.549] [INFO] 发送 启动采集: AA 02 01 01 40 6C
[2026-10-04 21:12:46.268] [INFO] 发送 单次读取全部通道: AA 03 01 FF 90 2C
[2026-10-04 21:16:13.484] [INFO] 固件上报模式: 原始帧 CMD=0x12 (µV + 冷端 °C, 温度由上位机查分度表算)
[2026-10-04 21:16:13.498] [INFO] 识别到本板通道数: 8 路 (4 片 ADS1220)
[2026-10-04 21:16:27.128] [INFO] 分度表已加载: T 型 671 点 -270…400 °C  (-6258…20872 µV)   sha256 c1fc7c57…
[2026-10-04 21:16:29.956] [INFO] 分度表已加载: T 型 671 点 -270…400 °C  (-6258…20872 µV)   sha256 c1fc7c57…
[2026-10-04 21:16:30.836] [INFO] 分度表已加载: T 型 671 点 -270…400 °C  (-6258…20872 µV)   sha256 c1fc7c57…
[2026-10-04 21:16:31.021] [INFO] 分度表已加载: T 型 671 点 -270…400 °C  (-6258…20872 µV)   sha256 c1fc7c57…
[2026-10-04 21:16:32.031] [INFO] 分度表已加载: T 型 671 点 -270…400 °C  (-6258…20872 µV)   sha256 c1fc7c57…
[2026-10-04 21:16:32.208] [INFO] 分度表已加载: T 型 671 点 -270…400 °C  (-6258…20872 µV)   sha256 c1fc7c57…
[2026-10-04 21:16:32.395] [INFO] 分度表已加载: T 型 671 点 -270…400 °C  (-6258…20872 µV)   sha256 c1fc7c57…
[2026-10-04 21:16:32.582] [INFO] 分度表已加载: T 型 671 点 -270…400 °C  (-6258…20872 µV)   sha256 c1fc7c57…
[2026-10-04 21:16:35.874] [INFO] 分度表已加载: E 型 1271 点 -270…1000 °C  (-9835…76373 µV)   sha256 0e39e237…
[2026-10-04 21:16:36.637] [INFO] 分度表已加载: E 型 1271 点 -270…1000 °C  (-9835…76373 µV)   sha256 0e39e237…
[2026-10-04 21:16:37.843] [INFO] 分度表已加载: E 型 1271 点 -270…1000 °C  (-9835…76373 µV)   sha256 0e39e237…
[2026-10-04 21:16:37.989] [INFO] 分度表已加载: E 型 1271 点 -270…1000 °C  (-9835…76373 µV)   sha256 0e39e237…
[2026-10-04 21:16:41.630] [INFO] 分度表已加载: K 型 1643 点 -270…1372 °C  (-6458…54886 µV)   sha256 678e9720…
[2026-10-04 21:16:42.825] [INFO] 分度表已加载: K 型 1643 点 -270…1372 °C  (-6458…54886 µV)   sha256 678e9720…
[2026-10-04 21:16:43.619] [INFO] 分度表已加载: K 型 1643 点 -270…1372 °C  (-6458…54886 µV)   sha256 678e9720…
[2026-10-04 21:16:43.775] [INFO] 分度表已加载: K 型 1643 点 -270…1372 °C  (-6458…54886 µV)   sha256 678e9720…
[2026-10-04 21:16:45.851] [INFO] 分度表已加载: J 型 1411 点 -210…1200 °C  (-8095…69553 µV)   sha256 75086ed2…
[2026-10-04 21:16:46.281] [INFO] 分度表已加载: J 型 1411 点 -210…1200 °C  (-8095…69553 µV)   sha256 75086ed2…
[2026-10-04 21:16:47.092] [INFO] 分度表已加载: J 型 1411 点 -210…1200 °C  (-8095…69553 µV)   sha256 75086ed2…
[2026-10-04 21:16:47.300] [INFO] 分度表已加载: J 型 1411 点 -210…1200 °C  (-8095…69553 µV)   sha256 75086ed2…
[2026-10-04 21:16:49.484] [INFO] 分度表已加载: K 型 1643 点 -270…1372 °C  (-6458…54886 µV)   sha256 678e9720…
[2026-10-04 21:16:49.933] [INFO] 分度表已加载: K 型 1643 点 -270…1372 °C  (-6458…54886 µV)   sha256 678e9720…
[2026-10-04 21:16:50.118] [INFO] 分度表已加载: K 型 1643 点 -270…1372 °C  (-6458…54886 µV)   sha256 678e9720…
[2026-10-04 21:16:58.743] [INFO] 分度表已加载: T 型 671 点 -270…400 °C  (-6258…20872 µV)   sha256 c1fc7c57…
[2026-10-04 21:16:59.254] [INFO] 分度表已加载: T 型 671 点 -270…400 °C  (-6258…20872 µV)   sha256 c1fc7c57…
[2026-10-04 21:17:02.844] [INFO] 分度表已加载: N 型 1571 点 -270…1300 °C  (-4345…47513 µV)   sha256 8414577a…
[2026-10-04 21:17:03.438] [INFO] 分度表已加载: N 型 1571 点 -270…1300 °C  (-4345…47513 µV)   sha256 8414577a…
[2026-10-04 21:17:06.827] [INFO] 分度表已加载: K 型 1643 点 -270…1372 °C  (-6458…54886 µV)   sha256 678e9720…
[2026-10-04 21:17:09.753] [INFO] 分度表已加载: E 型 1271 点 -270…1000 °C  (-9835…76373 µV)   sha256 0e39e237…
[2026-10-04 21:17:13.625] [INFO] 分度表已加载: K 型 1643 点 -270…1372 °C  (-6458…54886 µV)   sha256 678e9720…
[2026-10-04 21:18:02.635] [INFO] 发送 停止采集: AA 02 01 00 81 AC
[2026-10-04 21:18:06.958] [ERROR] 开始记录失败: threads can only be started once
[2026-10-04 21:18:10.223] [INFO] 曲线已暂停 (数据仍在接收/记录)
[2026-10-04 21:18:12.490] [INFO] 发送 停止采集: AA 02 01 00 81 AC
[2026-10-04 21:18:13.734] [INFO] 发送 启动采集: AA 02 01 01 40 6C
[2026-10-04 21:18:14.288] [INFO] 发送 停止采集: AA 02 01 00 81 AC
[2026-10-04 21:18:14.709] [INFO] 发送 停止采集: AA 02 01 00 81 AC
[2026-10-04 21:18:14.854] [INFO] 发送 停止采集: AA 02 01 00 81 AC
[2026-10-04 21:18:17.839] [INFO] 串口已断开
[2026-10-04 21:18:17.839] [INFO] 停止记录: 0 行 -> C:\Users\Eason\Desktop\pjpk\ADS122016\data\temperature_20261004_211804.csv
[2026-10-04 21:18:17.844] [INFO] 串口线程已退出
[2026-10-04 21:18:26.642] [WARN] 未连接, 无法停止采集
[2026-10-04 21:18:30.618] [INFO] 正在打开串口 COM1 @ 115200 ...
[2026-10-04 21:18:30.778] [INFO] 串口已连接: COM1 @ 115200
[2026-10-04 21:18:31.019] [INFO] 发送 设置采样率 20 SPS / 不抑制: AA 01 02 00 00 9C 24
[2026-10-04 21:18:31.020] [INFO] 发送 设置软件平均次数 N=1: AA 04 01 01 A0 6D
[2026-10-04 21:18:31.020] [INFO] 软件平均 1 次: 噪声约降为 1/√1, 每通道耗时约 x1
[2026-10-04 21:18:31.020] [INFO] 发送 启动采集: AA 02 01 01 40 6C
[2026-10-04 21:18:33.342] [INFO] 曲线已清空 (记录不受影响)
[2026-10-04 21:18:33.492] [INFO] 曲线已清空 (记录不受影响)
[2026-10-04 21:18:33.980] [INFO] 曲线已继续 (数据仍在接收/记录)
[2026-10-04 21:18:36.561] [INFO] 曲线已清空 (记录不受影响)
[2026-10-04 21:18:37.187] [INFO] 曲线已清空 (记录不受影响)
[2026-10-04 21:18:45.289] [ERROR] 开始记录失败: threads can only be started once
[2026-10-04 21:18:48.714] [INFO] 曲线已暂停 (数据仍在接收/记录)
[2026-10-04 21:18:50.207] [INFO] 串口已断开
[2026-10-04 21:18:50.208] [INFO] 停止记录: 0 行 -> C:\Users\Eason\Desktop\pjpk\ADS122016\data\temperature_20261004_211843.csv
[2026-10-04 21:18:50.235] [INFO] 串口线程已退出
[2026-10-04 21:18:51.340] [INFO] 正在打开串口 COM1 @ 115200 ...
[2026-10-04 21:18:51.457] [INFO] 串口已连接: COM1 @ 115200
[2026-10-04 21:18:51.742] [INFO] 发送 设置采样率 20 SPS / 不抑制: AA 01 02 00 00 9C 24
[2026-10-04 21:18:51.742] [INFO] 发送 设置软件平均次数 N=1: AA 04 01 01 A0 6D
[2026-10-04 21:18:51.742] [INFO] 软件平均 1 次: 噪声约降为 1/√1, 每通道耗时约 x1
[2026-10-04 21:18:51.743] [INFO] 发送 启动采集: AA 02 01 01 40 6C
[2026-10-04 21:18:54.114] [INFO] 扫描到 4 个串口: COM1, COM2, COM3, COM4
[2026-10-04 21:18:54.872] [INFO] 串口已断开
[2026-10-04 21:18:54.873] [INFO] 串口线程已退出
[2026-10-04 21:18:56.074] [INFO] 正在打开串口 COM1 @ 115200 ...
[2026-10-04 21:18:56.199] [INFO] 串口已连接: COM1 @ 115200
[2026-10-04 21:18:56.475] [INFO] 发送 设置采样率 20 SPS / 不抑制: AA 01 02 00 00 9C 24
[2026-10-04 21:18:56.476] [INFO] 发送 设置软件平均次数 N=1: AA 04 01 01 A0 6D
[2026-10-04 21:18:56.476] [INFO] 软件平均 1 次: 噪声约降为 1/√1, 每通道耗时约 x1
[2026-10-04 21:18:56.476] [INFO] 发送 启动采集: AA 02 01 01 40 6C
[2026-10-04 21:19:00.733] [ERROR] 开始记录失败: threads can only be started once
[2026-10-04 21:19:07.601] [INFO] 发送 启动采集: AA 02 01 01 40 6C
[2026-10-04 21:19:09.148] [INFO] 发送 停止采集: AA 02 01 00 81 AC
[2026-10-04 21:19:10.297] [INFO] 发送 启动采集: AA 02 01 01 40 6C
[2026-10-04 21:19:11.555] [INFO] 发送 设置软件平均次数 N=2: AA 04 01 02 E0 6C
[2026-10-04 21:19:11.556] [INFO] 软件平均 2 次: 噪声约降为 1/√2, 每通道耗时约 x2
[2026-10-04 21:19:12.216] [INFO] 发送 设置软件平均次数 N=1: AA 04 01 01 A0 6D
[2026-10-04 21:19:12.216] [INFO] 软件平均 1 次: 噪声约降为 1/√1, 每通道耗时约 x1
[2026-10-04 21:19:16.632] [INFO] 停止记录: 0 行 -> C:\Users\Eason\Desktop\pjpk\ADS122016\data\temperature_20261004_211857.csv
[2026-10-04 21:19:17.482] [INFO] 曲线已继续 (数据仍在接收/记录)
[2026-10-04 21:19:21.385] [INFO] 发送 启动采集: AA 02 01 01 40 6C
[2026-10-04 21:19:22.276] [INFO] 发送 启动采集: AA 02 01 01 40 6C
[2026-10-04 21:19:22.446] [INFO] 发送 启动采集: AA 02 01 01 40 6C
[2026-10-04 21:19:22.769] [INFO] 发送 启动采集: AA 02 01 01 40 6C
[2026-10-04 21:19:22.910] [INFO] 发送 启动采集: AA 02 01 01 40 6C
[2026-10-04 21:19:23.050] [INFO] 发送 启动采集: AA 02 01 01 40 6C
[2026-10-04 21:19:23.417] [INFO] 发送 停止采集: AA 02 01 00 81 AC
[2026-10-04 21:19:24.004] [INFO] 发送 启动采集: AA 02 01 01 40 6C
[2026-10-04 21:19:25.303] [INFO] 发送 单次读取全部通道: AA 03 01 FF 90 2C
[2026-10-04 21:19:25.360] [INFO] 单次读取结果: 8/32 路有效
[2026-10-04 21:19:27.105] [INFO] 发送 启动采集: AA 02 01 01 40 6C
[2026-10-04 21:19:27.681] [INFO] 发送 启动采集: AA 02 01 01 40 6C
[2026-10-04 21:19:27.878] [INFO] 发送 启动采集: AA 02 01 01 40 6C
[2026-10-04 21:19:28.052] [INFO] 发送 启动采集: AA 02 01 01 40 6C
[2026-10-04 21:19:33.894] [INFO] 发送 停止采集: AA 02 01 00 81 AC
[2026-10-04 21:19:35.463] [INFO] 发送 停止采集: AA 02 01 00 81 AC
[2026-10-04 21:19:35.658] [INFO] 发送 停止采集: AA 02 01 00 81 AC
[2026-10-04 21:19:42.071] [ERROR] 开始记录失败: threads can only be started once
[2026-10-04 21:19:45.847] [INFO] 曲线已暂停 (数据仍在接收/记录)
[2026-10-04 21:19:46.694] [INFO] 曲线已继续 (数据仍在接收/记录)
[2026-10-04 21:20:39.162] [INFO] 扫描到 4 个串口: COM1, COM2, COM3, COM4
[2026-10-04 21:20:40.921] [INFO] 发送 停止采集: AA 02 01 00 81 AC
[2026-10-04 21:20:43.011] [INFO] 发送 启动采集: AA 02 01 01 40 6C
[2026-10-04 21:20:43.764] [INFO] 发送 单次读取全部通道: AA 03 01 FF 90 2C
[2026-10-04 21:20:43.802] [INFO] 单次读取结果: 8/32 路有效
[2026-10-04 21:20:44.561] [INFO] 发送 单次读取全部通道: AA 03 01 FF 90 2C
[2026-10-04 21:20:44.631] [INFO] 单次读取结果: 8/32 路有效
[2026-10-04 21:20:46.019] [INFO] 停止记录: 0 行 -> C:\Users\Eason\Desktop\pjpk\ADS122016\data\temperature_20261004_211940.csv
[2026-10-04 21:20:47.556] [ERROR] 开始记录失败: threads can only be started once
[2026-10-04 21:20:48.493] [INFO] 停止记录: 0 行 -> C:\Users\Eason\Desktop\pjpk\ADS122016\data\temperature_20261004_212046.csv
[2026-10-04 21:21:04.637] [ERROR] 开始记录失败: threads can only be started once
[2026-10-04 21:21:09.366] [INFO] 停止记录: 0 行 -> C:\Users\Eason\Desktop\pjpk\ADS122016\data\temperature_20261004_212103.csv
[2026-10-04 21:21:14.684] [ERROR] 开始记录失败: threads can only be started once
