[2026-10-04 12:38:36.565] [INFO] 日志文件: C:\Users\Eason\Desktop\pjpk\ADS122016\pc_ui\logs\log_20261004_123836.log
[2026-10-04 12:38:36.885] [INFO] 分度表已加载: K 型 1643 点 -270…1372 °C  (-6458…54886 µV)   sha256 678e9720…
[2026-10-04 12:38:36.917] [INFO] 扫描到 4 个串口: COM1, COM2, COM3, COM4
[2026-10-04 12:38:36.928] [INFO] 界面已启动 (演示模式: 使用虚拟下位机)
[2026-10-04 12:38:37.641] [INFO] 已连接虚拟下位机 (DEMO)
[2026-10-04 12:38:37.752] [INFO] 串口已连接: DEMO @ 460800
[2026-10-04 12:38:37.752] [INFO] 演示模式: 虚拟下位机已启动 (DEMO)
[2026-10-04 12:38:37.756] [INFO] 固件上报模式: 原始帧 CMD=0x12 (µV + 冷端 °C, 温度由上位机查分度表算)
[2026-10-04 12:38:37.786] [INFO] 识别到本板通道数: 8 路 (4 片 ADS1220)
[2026-10-04 12:38:38.055] [INFO] 发送 设置采样率 20 SPS / 不抑制: AA 01 02 00 00 9C 24
[2026-10-04 12:38:38.059] [INFO] 发送 启动采集: AA 02 01 01 40 6C
[2026-10-04 12:38:38.465] [WARN] CRC 校验失败, 已丢弃帧 (累计 1)
[2026-10-04 12:38:38.580] [WARN] CRC 校验失败, 已丢弃帧 (累计 2)
[2026-10-04 12:38:38.580] [WARN] CRC 校验失败, 已丢弃帧 (累计 3)
[2026-10-04 12:38:38.697] [WARN] CRC 校验失败, 已丢弃帧 (累计 3)
[2026-10-04 12:38:38.847] [WARN] CRC 校验失败, 已丢弃帧 (累计 3)
[2026-10-04 12:38:38.992] [WARN] CRC 校验失败, 已丢弃帧 (累计 3)
[2026-10-04 12:38:38.992] [WARN] CRC 校验失败, 已丢弃帧 (累计 3)
[2026-10-04 12:38:39.147] [WARN] CRC 校验失败, 已丢弃帧 (累计 3)
[2026-10-04 12:38:39.291] [WARN] CRC 校验失败, 已丢弃帧 (累计 3)
[2026-10-04 12:38:39.291] [WARN] CRC 校验失败, 已丢弃帧 (累计 3)
[2026-10-04 12:38:39.442] [WARN] CRC 校验失败, 已丢弃帧 (累计 3)
[2026-10-04 12:38:39.585] [WARN] CRC 校验失败, 已丢弃帧 (累计 3)
[2026-10-04 12:38:39.725] [WARN] CRC 校验失败, 已丢弃帧 (累计 4)
[2026-10-04 12:38:39.726] [WARN] CRC 校验失败, 已丢弃帧 (累计 4)
[2026-10-04 12:38:39.864] [WARN] CRC 校验失败, 已丢弃帧 (累计 4)
[2026-10-04 12:38:39.000] [WARN] CRC 校验失败, 已丢弃帧 (累计 4)
[2026-10-04 12:38:40.132] [WARN] CRC 校验失败, 已丢弃帧 (累计 5)
[2026-10-04 12:38:40.133] [WARN] CRC 校验失败, 已丢弃帧 (累计 6)
[2026-10-04 12:38:40.243] [WARN] 警告: 采样率 600 SPS 建议使用 460800 波特率 (115200 下 133 字节/帧约 11.5ms, 197 字节原始帧约 17.1ms)
[2026-10-04 12:38:40.250] [INFO] 发送 设置采样率 600 SPS / 不抑制: AA 01 02 05 00 9F 74
[2026-10-04 12:38:40.250] [WARN] CRC 校验失败, 已丢弃帧 (累计 6)
[2026-10-04 12:38:40.385] [WARN] CRC 校验失败, 已丢弃帧 (累计 6)
[2026-10-04 12:38:40.519] [WARN] CRC 校验失败, 已丢弃帧 (累计 6)
[2026-10-04 12:38:40.519] [WARN] CRC 校验失败, 已丢弃帧 (累计 7)
[2026-10-04 12:38:40.652] [WARN] CRC 校验失败, 已丢弃帧 (累计 7)
[2026-10-04 12:38:40.784] [WARN] CRC 校验失败, 已丢弃帧 (累计 7)
[2026-10-04 12:38:40.919] [WARN] CRC 校验失败, 已丢弃帧 (累计 7)
[2026-10-04 12:38:41.053] [WARN] CRC 校验失败, 已丢弃帧 (累计 7)
[2026-10-04 12:38:41.053] [WARN] CRC 校验失败, 已丢弃帧 (累计 7)
[2026-10-04 12:38:41.187] [WARN] CRC 校验失败, 已丢弃帧 (累计 7)
[2026-10-04 12:38:41.318] [WARN] CRC 校验失败, 已丢弃帧 (累计 7)
[2026-10-04 12:38:41.478] [WARN] CRC 校验失败, 已丢弃帧 (累计 7)
[2026-10-04 12:38:41.479] [WARN] CRC 校验失败, 已丢弃帧 (累计 8)
[2026-10-04 12:38:41.612] [WARN] CRC 校验失败, 已丢弃帧 (累计 8)
[2026-10-04 12:38:41.738] [WARN] CRC 校验失败, 已丢弃帧 (累计 9)
[2026-10-04 12:38:41.841] [WARN] CRC 校验失败, 已丢弃帧 (累计 9)
[2026-10-04 12:38:41.965] [INFO] 发送 设置采样率 20 SPS / 同时抑制50+60Hz: AA 01 02 00 01 5D E4
[2026-10-04 12:38:41.967] [WARN] CRC 校验失败, 已丢弃帧 (累计 9)
[2026-10-04 12:38:41.968] [WARN] CRC 校验失败, 已丢弃帧 (累计 10)
[2026-10-04 12:38:42.094] [WARN] CRC 校验失败, 已丢弃帧 (累计 11)
[2026-10-04 12:38:42.196] [WARN] CRC 校验失败, 已丢弃帧 (累计 12)
[2026-10-04 12:38:42.298] [WARN] CRC 校验失败, 已丢弃帧 (累计 13)
[2026-10-04 12:38:42.400] [WARN] CRC 校验失败, 已丢弃帧 (累计 13)
[2026-10-04 12:38:42.521] [WARN] CRC 校验失败, 已丢弃帧 (累计 13)
[2026-10-04 12:38:42.640] [WARN] CRC 校验失败, 已丢弃帧 (累计 13)
[2026-10-04 12:38:42.763] [WARN] CRC 校验失败, 已丢弃帧 (累计 13)
[2026-10-04 12:38:42.887] [WARN] CRC 校验失败, 已丢弃帧 (累计 14)
[2026-10-04 12:38:42.888] [WARN] CRC 校验失败, 已丢弃帧 (累计 15)
[2026-10-04 12:38:42.991] [WARN] CRC 校验失败, 已丢弃帧 (累计 15)
[2026-10-04 12:38:43.114] [WARN] CRC 校验失败, 已丢弃帧 (累计 16)
[2026-10-04 12:38:43.217] [WARN] CRC 校验失败, 已丢弃帧 (累计 16)
[2026-10-04 12:38:43.339] [WARN] CRC 校验失败, 已丢弃帧 (累计 16)
[2026-10-04 12:38:43.461] [WARN] CRC 校验失败, 已丢弃帧 (累计 16)
[2026-10-04 12:38:43.582] [INFO] 发送 停止采集: AA 02 01 00 81 AC
[2026-10-04 12:38:43.583] [WARN] CRC 校验失败, 已丢弃帧 (累计 16)
[2026-10-04 12:38:45.437] [INFO] 发送 单次读取全部通道: AA 03 01 FF 90 2C
[2026-10-04 12:38:45.438] [WARN] CRC 校验失败, 已丢弃帧 (累计 17)
[2026-10-04 12:38:46.559] [ERROR] 已 3.1s 未收到温度帧 —— 请检查下位机是否在运行 / 波特率是否匹配
[2026-10-04 12:38:46.661] [INFO] 发送 启动采集: AA 02 01 01 40 6C
[2026-10-04 12:38:46.764] [WARN] CRC 校验失败, 已丢弃帧 (累计 18)
[2026-10-04 12:38:46.867] [INFO] 单次读取结果: 8/32 路有效
[2026-10-04 12:38:46.867] [WARN] CRC 校验失败, 已丢弃帧 (累计 18)
[2026-10-04 12:38:46.973] [WARN] CRC 校验失败, 已丢弃帧 (累计 18)
[2026-10-04 12:38:46.973] [WARN] CRC 校验失败, 已丢弃帧 (累计 19)
[2026-10-04 12:38:47.096] [WARN] CRC 校验失败, 已丢弃帧 (累计 19)
[2026-10-04 12:38:47.220] [WARN] CRC 校验失败, 已丢弃帧 (累计 20)
[2026-10-04 12:38:47.322] [WARN] CRC 校验失败, 已丢弃帧 (累计 21)
[2026-10-04 12:38:47.424] [WARN] CRC 校验失败, 已丢弃帧 (累计 22)
[2026-10-04 12:38:47.526] [WARN] CRC 校验失败, 已丢弃帧 (累计 22)
[2026-10-04 12:38:47.647] [WARN] CRC 校验失败, 已丢弃帧 (累计 23)
[2026-10-04 12:38:47.749] [WARN] CRC 校验失败, 已丢弃帧 (累计 24)
[2026-10-04 12:38:47.852] [WARN] CRC 校验失败, 已丢弃帧 (累计 25)
[2026-10-04 12:38:47.954] [WARN] CRC 校验失败, 已丢弃帧 (累计 26)
[2026-10-04 12:38:48.056] [WARN] CRC 校验失败, 已丢弃帧 (累计 27)
[2026-10-04 12:38:48.159] [WARN] CRC 校验失败, 已丢弃帧 (累计 28)
[2026-10-04 12:38:48.262] [INFO] 曲线已暂停 (数据仍在接收/记录)
[2026-10-04 12:38:48.263] [INFO] 曲线已继续 (数据仍在接收/记录)
[2026-10-04 12:38:48.263] [INFO] 保留点数 = 120
[2026-10-04 12:38:48.264] [INFO] 超温门限 = 500.0 °C
[2026-10-04 12:38:48.264] [INFO] 超温门限 = 1000.0 °C
[2026-10-04 12:38:48.265] [INFO] 开始记录 -> C:\Users\Eason\Desktop\pjpk\ADS122016\pc_ui\_gui_selftest_data\temperature_20261004_123848.csv
[2026-10-04 12:38:48.265] [WARN] CRC 校验失败, 已丢弃帧 (累计 29)
[2026-10-04 12:38:48.384] [WARN] CRC 校验失败, 已丢弃帧 (累计 30)
[2026-10-04 12:38:48.486] [WARN] CRC 校验失败, 已丢弃帧 (累计 30)
[2026-10-04 12:38:48.610] [WARN] CRC 校验失败, 已丢弃帧 (累计 31)
[2026-10-04 12:38:48.713] [WARN] CRC 校验失败, 已丢弃帧 (累计 31)
[2026-10-04 12:38:48.838] [WARN] CRC 校验失败, 已丢弃帧 (累计 31)
[2026-10-04 12:38:48.839] [WARN] CRC 校验失败, 已丢弃帧 (累计 31)
[2026-10-04 12:38:48.959] [WARN] CRC 校验失败, 已丢弃帧 (累计 32)
[2026-10-04 12:38:49.061] [WARN] CRC 校验失败, 已丢弃帧 (累计 32)
[2026-10-04 12:38:49.181] [WARN] CRC 校验失败, 已丢弃帧 (累计 32)
[2026-10-04 12:38:49.301] [WARN] CRC 校验失败, 已丢弃帧 (累计 33)
[2026-10-04 12:38:49.403] [WARN] CRC 校验失败, 已丢弃帧 (累计 33)
[2026-10-04 12:38:49.528] [WARN] CRC 校验失败, 已丢弃帧 (累计 34)
[2026-10-04 12:38:49.630] [WARN] CRC 校验失败, 已丢弃帧 (累计 34)
[2026-10-04 12:38:49.760] [WARN] CRC 校验失败, 已丢弃帧 (累计 35)
[2026-10-04 12:38:49.760] [WARN] CRC 校验失败, 已丢弃帧 (累计 35)
[2026-10-04 12:38:49.894] [WARN] CRC 校验失败, 已丢弃帧 (累计 35)
[2026-10-04 12:38:50.025] [WARN] CRC 校验失败, 已丢弃帧 (累计 35)
[2026-10-04 12:38:50.159] [WARN] CRC 校验失败, 已丢弃帧 (累计 35)
[2026-10-04 12:38:50.160] [WARN] CRC 校验失败, 已丢弃帧 (累计 36)
[2026-10-04 12:38:50.292] [WARN] CRC 校验失败, 已丢弃帧 (累计 36)
[2026-10-04 12:38:50.423] [WARN] CRC 校验失败, 已丢弃帧 (累计 37)
[2026-10-04 12:38:50.526] [WARN] CRC 校验失败, 已丢弃帧 (累计 37)
[2026-10-04 12:38:50.652] [WARN] CRC 校验失败, 已丢弃帧 (累计 38)
[2026-10-04 12:38:50.756] [WARN] CRC 校验失败, 已丢弃帧 (累计 38)
[2026-10-04 12:38:50.886] [INFO] 停止记录: 15 行 -> C:\Users\Eason\Desktop\pjpk\ADS122016\pc_ui\_gui_selftest_data\temperature_20261004_123848.csv
[2026-10-04 12:38:50.890] [INFO] 串口已断开
[2026-10-04 12:38:50.891] [WARN] CRC 校验失败, 已丢弃帧 (累计 38)
[2026-10-04 12:38:50.891] [WARN] CRC 校验失败, 已丢弃帧 (累计 38)
[2026-10-04 12:38:50.891] [INFO] 演示模式: 虚拟下位机已停止
