[2026-09-30 22:33:55.979] [INFO] 日志文件: C:\Users\Eason\Desktop\pjpk\ADS122016\pc_ui\logs\log_20260930_223355.log
[2026-09-30 22:33:56.206] [INFO] 扫描到 2 个串口: COM3, COM4
[2026-09-30 22:33:56.206] [INFO] 界面已启动 (演示模式: 使用虚拟下位机)
[2026-09-30 22:33:56.624] [INFO] 已连接虚拟下位机 (DEMO)
[2026-09-30 22:33:56.746] [INFO] 串口已连接: DEMO @ 460800
[2026-09-30 22:33:56.747] [INFO] 演示模式: 虚拟下位机已启动 (DEMO)
[2026-09-30 22:33:57.030] [INFO] 发送 设置采样率 20 SPS / 不抑制: AA 01 02 00 00 9C 24
[2026-09-30 22:33:57.031] [INFO] 发送 启动采集: AA 02 01 01 40 6C
[2026-09-30 22:33:59.534] [WARN] CRC 校验失败, 已丢弃帧 (累计 1)
[2026-09-30 22:33:59.640] [WARN] CRC 校验失败, 已丢弃帧 (累计 1)
[2026-09-30 22:33:59.746] [WARN] CRC 校验失败, 已丢弃帧 (累计 2)
[2026-09-30 22:33:59.852] [WARN] CRC 校验失败, 已丢弃帧 (累计 2)
[2026-09-30 22:33:59.957] [WARN] CRC 校验失败, 已丢弃帧 (累计 2)
[2026-09-30 22:34:00.063] [WARN] CRC 校验失败, 已丢弃帧 (累计 2)
[2026-09-30 22:34:00.169] [WARN] CRC 校验失败, 已丢弃帧 (累计 2)
[2026-09-30 22:34:00.274] [WARN] CRC 校验失败, 已丢弃帧 (累计 2)
[2026-09-30 22:34:00.380] [WARN] CRC 校验失败, 已丢弃帧 (累计 2)
[2026-09-30 22:34:00.486] [WARN] CRC 校验失败, 已丢弃帧 (累计 2)
[2026-09-30 22:34:00.592] [WARN] CRC 校验失败, 已丢弃帧 (累计 2)
[2026-09-30 22:34:00.698] [WARN] CRC 校验失败, 已丢弃帧 (累计 2)
[2026-09-30 22:34:00.803] [WARN] CRC 校验失败, 已丢弃帧 (累计 2)
[2026-09-30 22:34:00.908] [WARN] CRC 校验失败, 已丢弃帧 (累计 2)
[2026-09-30 22:34:01.014] [WARN] CRC 校验失败, 已丢弃帧 (累计 2)
[2026-09-30 22:34:01.119] [WARN] CRC 校验失败, 已丢弃帧 (累计 2)
[2026-09-30 22:34:01.225] [WARN] CRC 校验失败, 已丢弃帧 (累计 2)
[2026-09-30 22:34:01.330] [WARN] CRC 校验失败, 已丢弃帧 (累计 2)
[2026-09-30 22:34:01.435] [WARN] CRC 校验失败, 已丢弃帧 (累计 2)
[2026-09-30 22:34:01.555] [WARN] CRC 校验失败, 已丢弃帧 (累计 2)
[2026-09-30 22:34:01.661] [WARN] CRC 校验失败, 已丢弃帧 (累计 2)
[2026-09-30 22:34:01.767] [WARN] CRC 校验失败, 已丢弃帧 (累计 2)
[2026-09-30 22:34:01.872] [WARN] CRC 校验失败, 已丢弃帧 (累计 2)
[2026-09-30 22:34:01.978] [WARN] CRC 校验失败, 已丢弃帧 (累计 2)
[2026-09-30 22:34:02.084] [WARN] CRC 校验失败, 已丢弃帧 (累计 2)
[2026-09-30 22:34:02.190] [WARN] CRC 校验失败, 已丢弃帧 (累计 2)
[2026-09-30 22:34:02.295] [WARN] CRC 校验失败, 已丢弃帧 (累计 2)
[2026-09-30 22:34:02.415] [WARN] CRC 校验失败, 已丢弃帧 (累计 2)
[2026-09-30 22:34:02.520] [WARN] CRC 校验失败, 已丢弃帧 (累计 2)
[2026-09-30 22:34:02.625] [WARN] CRC 校验失败, 已丢弃帧 (累计 2)
[2026-09-30 22:34:02.730] [WARN] CRC 校验失败, 已丢弃帧 (累计 2)
[2026-09-30 22:34:02.836] [WARN] CRC 校验失败, 已丢弃帧 (累计 2)
[2026-09-30 22:34:02.941] [WARN] CRC 校验失败, 已丢弃帧 (累计 2)
[2026-09-30 22:34:03.048] [WARN] CRC 校验失败, 已丢弃帧 (累计 2)
[2026-09-30 22:34:03.155] [WARN] CRC 校验失败, 已丢弃帧 (累计 2)
[2026-09-30 22:34:03.261] [WARN] CRC 校验失败, 已丢弃帧 (累计 2)
[2026-09-30 22:34:03.367] [WARN] CRC 校验失败, 已丢弃帧 (累计 2)
[2026-09-30 22:34:03.471] [WARN] CRC 校验失败, 已丢弃帧 (累计 2)
[2026-09-30 22:34:03.577] [WARN] CRC 校验失败, 已丢弃帧 (累计 2)
[2026-09-30 22:34:03.682] [WARN] CRC 校验失败, 已丢弃帧 (累计 2)
[2026-09-30 22:34:03.788] [WARN] CRC 校验失败, 已丢弃帧 (累计 2)
[2026-09-30 22:34:03.908] [WARN] CRC 校验失败, 已丢弃帧 (累计 2)
[2026-09-30 22:34:03.909] [WARN] CRC 校验失败, 已丢弃帧 (累计 2)
[2026-09-30 22:34:04.014] [WARN] CRC 校验失败, 已丢弃帧 (累计 2)
[2026-09-30 22:34:04.120] [WARN] CRC 校验失败, 已丢弃帧 (累计 2)
[2026-09-30 22:34:04.226] [WARN] CRC 校验失败, 已丢弃帧 (累计 2)
[2026-09-30 22:34:04.332] [WARN] CRC 校验失败, 已丢弃帧 (累计 2)
[2026-09-30 22:34:04.452] [WARN] CRC 校验失败, 已丢弃帧 (累计 2)
[2026-09-30 22:34:04.574] [WARN] CRC 校验失败, 已丢弃帧 (累计 2)
[2026-09-30 22:34:04.680] [WARN] CRC 校验失败, 已丢弃帧 (累计 2)
[2026-09-30 22:34:04.785] [WARN] CRC 校验失败, 已丢弃帧 (累计 2)
[2026-09-30 22:34:04.893] [WARN] CRC 校验失败, 已丢弃帧 (累计 2)
[2026-09-30 22:34:04.999] [WARN] CRC 校验失败, 已丢弃帧 (累计 2)
[2026-09-30 22:34:05.118] [WARN] CRC 校验失败, 已丢弃帧 (累计 2)
[2026-09-30 22:34:05.224] [WARN] CRC 校验失败, 已丢弃帧 (累计 2)
[2026-09-30 22:34:05.329] [WARN] CRC 校验失败, 已丢弃帧 (累计 2)
[2026-09-30 22:34:05.435] [WARN] CRC 校验失败, 已丢弃帧 (累计 2)
[2026-09-30 22:34:05.542] [WARN] CRC 校验失败, 已丢弃帧 (累计 2)
[2026-09-30 22:34:05.648] [WARN] CRC 校验失败, 已丢弃帧 (累计 2)
[2026-09-30 22:34:05.755] [WARN] CRC 校验失败, 已丢弃帧 (累计 2)
[2026-09-30 22:34:05.862] [WARN] CRC 校验失败, 已丢弃帧 (累计 2)
[2026-09-30 22:34:05.969] [WARN] CRC 校验失败, 已丢弃帧 (累计 2)
[2026-09-30 22:34:06.075] [WARN] CRC 校验失败, 已丢弃帧 (累计 2)
[2026-09-30 22:34:06.181] [WARN] CRC 校验失败, 已丢弃帧 (累计 2)
[2026-09-30 22:34:06.286] [WARN] CRC 校验失败, 已丢弃帧 (累计 2)
[2026-09-30 22:34:06.407] [WARN] CRC 校验失败, 已丢弃帧 (累计 2)
[2026-09-30 22:34:06.512] [WARN] CRC 校验失败, 已丢弃帧 (累计 2)
[2026-09-30 22:34:06.618] [WARN] CRC 校验失败, 已丢弃帧 (累计 2)
[2026-09-30 22:34:06.726] [WARN] CRC 校验失败, 已丢弃帧 (累计 2)
[2026-09-30 22:34:06.832] [WARN] CRC 校验失败, 已丢弃帧 (累计 2)
[2026-09-30 22:34:06.938] [WARN] CRC 校验失败, 已丢弃帧 (累计 2)
[2026-09-30 22:34:07.043] [WARN] CRC 校验失败, 已丢弃帧 (累计 2)
[2026-09-30 22:34:07.148] [WARN] CRC 校验失败, 已丢弃帧 (累计 2)
[2026-09-30 22:34:07.255] [WARN] CRC 校验失败, 已丢弃帧 (累计 2)
[2026-09-30 22:34:07.362] [WARN] CRC 校验失败, 已丢弃帧 (累计 2)
[2026-09-30 22:34:07.468] [WARN] CRC 校验失败, 已丢弃帧 (累计 2)
[2026-09-30 22:34:07.576] [WARN] CRC 校验失败, 已丢弃帧 (累计 2)
[2026-09-30 22:34:07.682] [WARN] CRC 校验失败, 已丢弃帧 (累计 2)
[2026-09-30 22:34:07.788] [WARN] CRC 校验失败, 已丢弃帧 (累计 2)
[2026-09-30 22:34:07.894] [WARN] CRC 校验失败, 已丢弃帧 (累计 2)
[2026-09-30 22:34:07.999] [WARN] CRC 校验失败, 已丢弃帧 (累计 2)
[2026-09-30 22:34:08.104] [WARN] CRC 校验失败, 已丢弃帧 (累计 2)
[2026-09-30 22:34:08.212] [WARN] CRC 校验失败, 已丢弃帧 (累计 2)
[2026-09-30 22:34:08.318] [WARN] CRC 校验失败, 已丢弃帧 (累计 2)
[2026-09-30 22:34:08.425] [WARN] CRC 校验失败, 已丢弃帧 (累计 2)
[2026-09-30 22:34:08.533] [WARN] CRC 校验失败, 已丢弃帧 (累计 2)
[2026-09-30 22:34:08.640] [WARN] CRC 校验失败, 已丢弃帧 (累计 2)
[2026-09-30 22:34:08.747] [WARN] CRC 校验失败, 已丢弃帧 (累计 2)
[2026-09-30 22:34:08.853] [WARN] CRC 校验失败, 已丢弃帧 (累计 2)
[2026-09-30 22:34:08.959] [WARN] CRC 校验失败, 已丢弃帧 (累计 2)
[2026-09-30 22:34:09.065] [WARN] CRC 校验失败, 已丢弃帧 (累计 2)
[2026-09-30 22:34:09.171] [WARN] CRC 校验失败, 已丢弃帧 (累计 2)
[2026-09-30 22:34:09.291] [WARN] CRC 校验失败, 已丢弃帧 (累计 2)
[2026-09-30 22:34:09.396] [WARN] CRC 校验失败, 已丢弃帧 (累计 2)
[2026-09-30 22:34:09.503] [WARN] CRC 校验失败, 已丢弃帧 (累计 2)
[2026-09-30 22:34:09.609] [WARN] CRC 校验失败, 已丢弃帧 (累计 2)
[2026-09-30 22:34:09.715] [WARN] CRC 校验失败, 已丢弃帧 (累计 2)
[2026-09-30 22:34:09.820] [WARN] CRC 校验失败, 已丢弃帧 (累计 2)
[2026-09-30 22:34:09.926] [WARN] CRC 校验失败, 已丢弃帧 (累计 2)
[2026-09-30 22:34:10.033] [WARN] CRC 校验失败, 已丢弃帧 (累计 2)
[2026-09-30 22:34:10.138] [WARN] CRC 校验失败, 已丢弃帧 (累计 2)
[2026-09-30 22:34:10.245] [WARN] CRC 校验失败, 已丢弃帧 (累计 2)
[2026-09-30 22:34:10.351] [WARN] CRC 校验失败, 已丢弃帧 (累计 2)
[2026-09-30 22:34:10.457] [WARN] CRC 校验失败, 已丢弃帧 (累计 2)
[2026-09-30 22:34:10.578] [WARN] CRC 校验失败, 已丢弃帧 (累计 2)
[2026-09-30 22:34:10.684] [WARN] CRC 校验失败, 已丢弃帧 (累计 2)
[2026-09-30 22:34:10.790] [WARN] CRC 校验失败, 已丢弃帧 (累计 2)
[2026-09-30 22:34:10.896] [WARN] CRC 校验失败, 已丢弃帧 (累计 2)
[2026-09-30 22:34:11.002] [WARN] CRC 校验失败, 已丢弃帧 (累计 2)
[2026-09-30 22:34:11.123] [WARN] CRC 校验失败, 已丢弃帧 (累计 2)
[2026-09-30 22:34:11.123] [WARN] CRC 校验失败, 已丢弃帧 (累计 2)
[2026-09-30 22:34:11.229] [WARN] CRC 校验失败, 已丢弃帧 (累计 2)
[2026-09-30 22:34:11.335] [WARN] CRC 校验失败, 已丢弃帧 (累计 2)
[2026-09-30 22:34:11.441] [WARN] CRC 校验失败, 已丢弃帧 (累计 2)
[2026-09-30 22:34:11.561] [WARN] CRC 校验失败, 已丢弃帧 (累计 2)
[2026-09-30 22:34:11.668] [WARN] CRC 校验失败, 已丢弃帧 (累计 2)
[2026-09-30 22:34:11.774] [WARN] CRC 校验失败, 已丢弃帧 (累计 2)
[2026-09-30 22:34:11.881] [WARN] CRC 校验失败, 已丢弃帧 (累计 2)
[2026-09-30 22:34:11.987] [WARN] CRC 校验失败, 已丢弃帧 (累计 2)
[2026-09-30 22:34:12.094] [WARN] CRC 校验失败, 已丢弃帧 (累计 2)
[2026-09-30 22:34:12.214] [WARN] CRC 校验失败, 已丢弃帧 (累计 2)
[2026-09-30 22:34:12.320] [WARN] CRC 校验失败, 已丢弃帧 (累计 2)
[2026-09-30 22:34:12.427] [WARN] CRC 校验失败, 已丢弃帧 (累计 2)
[2026-09-30 22:34:12.534] [WARN] CRC 校验失败, 已丢弃帧 (累计 2)
[2026-09-30 22:34:12.640] [WARN] CRC 校验失败, 已丢弃帧 (累计 2)
[2026-09-30 22:34:12.746] [WARN] CRC 校验失败, 已丢弃帧 (累计 2)
[2026-09-30 22:34:12.852] [WARN] CRC 校验失败, 已丢弃帧 (累计 2)
[2026-09-30 22:34:12.958] [WARN] CRC 校验失败, 已丢弃帧 (累计 2)
[2026-09-30 22:34:13.065] [WARN] CRC 校验失败, 已丢弃帧 (累计 2)
[2026-09-30 22:34:13.172] [WARN] CRC 校验失败, 已丢弃帧 (累计 2)
[2026-09-30 22:34:13.277] [WARN] CRC 校验失败, 已丢弃帧 (累计 2)
[2026-09-30 22:34:13.383] [WARN] CRC 校验失败, 已丢弃帧 (累计 2)
[2026-09-30 22:34:13.489] [WARN] CRC 校验失败, 已丢弃帧 (累计 2)
[2026-09-30 22:34:13.595] [WARN] CRC 校验失败, 已丢弃帧 (累计 2)
[2026-09-30 22:34:13.701] [WARN] CRC 校验失败, 已丢弃帧 (累计 2)
[2026-09-30 22:34:13.807] [WARN] CRC 校验失败, 已丢弃帧 (累计 2)
[2026-09-30 22:34:13.912] [WARN] CRC 校验失败, 已丢弃帧 (累计 2)
[2026-09-30 22:34:14.018] [WARN] CRC 校验失败, 已丢弃帧 (累计 2)
[2026-09-30 22:34:14.127] [WARN] CRC 校验失败, 已丢弃帧 (累计 2)
[2026-09-30 22:34:14.232] [WARN] CRC 校验失败, 已丢弃帧 (累计 2)
[2026-09-30 22:34:14.338] [WARN] CRC 校验失败, 已丢弃帧 (累计 2)
[2026-09-30 22:34:14.444] [WARN] CRC 校验失败, 已丢弃帧 (累计 2)
[2026-09-30 22:34:14.565] [WARN] CRC 校验失败, 已丢弃帧 (累计 2)
[2026-09-30 22:34:14.671] [WARN] CRC 校验失败, 已丢弃帧 (累计 2)
[2026-09-30 22:34:14.777] [WARN] CRC 校验失败, 已丢弃帧 (累计 2)
[2026-09-30 22:34:14.882] [WARN] CRC 校验失败, 已丢弃帧 (累计 2)
[2026-09-30 22:34:14.988] [WARN] CRC 校验失败, 已丢弃帧 (累计 2)
[2026-09-30 22:34:15.096] [WARN] CRC 校验失败, 已丢弃帧 (累计 2)
[2026-09-30 22:34:15.202] [WARN] CRC 校验失败, 已丢弃帧 (累计 2)
[2026-09-30 22:34:15.308] [WARN] CRC 校验失败, 已丢弃帧 (累计 2)
[2026-09-30 22:34:15.413] [WARN] CRC 校验失败, 已丢弃帧 (累计 2)
