[2026-10-04 11:37:04.743] [INFO] 日志文件: c:\Users\Eason\Desktop\pjpk\ADS122016\pc_ui\logs\log_20261004_113704.log
[2026-10-04 11:37:05.015] [INFO] 分度表已加载: K 型 1643 点 -270…1372 °C  (-6458…54886 µV)   sha256 678e9720…
[2026-10-04 11:37:05.020] [INFO] 扫描到 2 个串口: COM3, COM4
[2026-10-04 11:37:05.021] [INFO] 界面已启动
[2026-10-04 11:37:27.904] [INFO] 扫描到 4 个串口: COM1, COM2, COM3, COM4
[2026-10-04 11:37:28.055] [INFO] 扫描到 4 个串口: COM1, COM2, COM3, COM4
[2026-10-04 11:37:28.180] [INFO] 扫描到 4 个串口: COM1, COM2, COM3, COM4
[2026-10-04 11:37:28.580] [INFO] 扫描到 4 个串口: COM1, COM2, COM3, COM4
[2026-10-04 11:37:33.338] [INFO] 正在打开串口 COM1 @ 115200 ...
[2026-10-04 11:37:33.527] [INFO] 串口已连接: COM1 @ 115200
[2026-10-04 11:37:33.740] [INFO] 发送 设置采样率 20 SPS / 不抑制: AA 01 02 00 00 9C 24
[2026-10-04 11:37:33.740] [INFO] 发送 启动采集: AA 02 01 01 40 6C
[2026-10-04 11:37:35.539] [INFO] 发送 启动采集: AA 02 01 01 40 6C
[2026-10-04 11:37:42.468] [INFO] 发送 停止采集: AA 02 01 00 81 AC
[2026-10-04 11:37:55.376] [INFO] 保留点数 = 900
[2026-10-04 11:37:55.888] [INFO] 保留点数 = 1000
[2026-10-04 11:38:01.654] [INFO] 保留点数 = 1000
[2026-10-04 11:38:05.927] [INFO] 扫描到 4 个串口: COM1, COM2, COM3, COM4
[2026-10-04 12:22:45.832] [INFO] 串口已断开
[2026-10-04 12:22:45.868] [INFO] 串口线程已退出
[2026-10-04 12:22:47.787] [INFO] 正在打开串口 COM1 @ 115200 ...
[2026-10-04 12:22:47.908] [INFO] 串口已连接: COM1 @ 115200
[2026-10-04 12:22:48.189] [INFO] 发送 设置采样率 20 SPS / 不抑制: AA 01 02 00 00 9C 24
[2026-10-04 12:22:48.189] [INFO] 发送 启动采集: AA 02 01 01 40 6C
[2026-10-04 12:22:59.719] [INFO] 保存路径: C:\Users\Eason\Desktop\DocTemp\log
[2026-10-04 12:23:01.838] [INFO] 开始记录 -> C:\Users\Eason\Desktop\DocTemp\log\temperature_20261004_122301.csv
[2026-10-04 12:23:04.698] [WARN] 收到未知上行帧 CMD=0x12 LEN=192 (协议不匹配?)
[2026-10-04 12:23:23.237] [INFO] 停止记录: 0 行 -> C:\Users\Eason\Desktop\DocTemp\log\temperature_20261004_122301.csv
[2026-10-04 12:23:26.057] [ERROR] 开始记录失败: threads can only be started once
[2026-10-04 12:23:26.855] [INFO] 停止记录: 0 行 -> C:\Users\Eason\Desktop\DocTemp\log\temperature_20261004_122323.csv
[2026-10-04 12:23:28.748] [ERROR] 开始记录失败: threads can only be started once
[2026-10-04 12:23:31.575] [INFO] 曲线已清空 (记录不受影响)
[2026-10-04 12:23:32.332] [INFO] 曲线已暂停 (数据仍在接收/记录)
[2026-10-04 12:23:33.502] [INFO] 曲线已继续 (数据仍在接收/记录)
[2026-10-04 12:23:37.403] [WARN] 收到未知上行帧 CMD=0x12 LEN=192 (协议不匹配?)
[2026-10-04 12:23:39.536] [WARN] 收到未知上行帧 CMD=0x12 LEN=192 (协议不匹配?)
[2026-10-04 12:23:59.726] [WARN] 收到未知上行帧 CMD=0x12 LEN=192 (协议不匹配?)
