[2026-10-04 11:47:50.590] [INFO] 日志文件: C:\Users\Eason\Desktop\pjpk\ADS122016\pc_ui\logs\log_20261004_114750.log
[2026-10-04 11:47:50.895] [INFO] 分度表已加载: K 型 1643 点 -270…1372 °C  (-6458…54886 µV)   sha256 678e9720…
[2026-10-04 11:47:50.899] [INFO] 扫描到 4 个串口: COM1, COM2, COM3, COM4
[2026-10-04 11:47:50.899] [INFO] 界面已启动 (演示模式: 使用虚拟下位机)
[2026-10-04 11:47:51.589] [INFO] 已连接虚拟下位机 (DEMO)
[2026-10-04 11:47:51.696] [INFO] 串口已连接: DEMO @ 460800
[2026-10-04 11:47:51.696] [INFO] 演示模式: 虚拟下位机已启动 (DEMO)
[2026-10-04 11:47:51.699] [INFO] 固件上报模式: 原始帧 CMD=0x12 (µV + 冷端 °C, 温度由上位机查分度表算)
[2026-10-04 11:47:51.713] [INFO] 识别到本板通道数: 8 路 (4 片 ADS1220)
[2026-10-04 11:47:52.010] [INFO] 发送 设置采样率 20 SPS / 不抑制: AA 01 02 00 00 9C 24
[2026-10-04 11:47:52.011] [INFO] 发送 启动采集: AA 02 01 01 40 6C
[2026-10-04 11:47:52.379] [WARN] CRC 校验失败, 已丢弃帧 (累计 1)
[2026-10-04 11:47:52.488] [WARN] CRC 校验失败, 已丢弃帧 (累计 2)
[2026-10-04 11:47:52.598] [WARN] CRC 校验失败, 已丢弃帧 (累计 3)
[2026-10-04 11:47:52.708] [WARN] CRC 校验失败, 已丢弃帧 (累计 3)
[2026-10-04 11:47:52.840] [WARN] CRC 校验失败, 已丢弃帧 (累计 3)
[2026-10-04 11:47:52.841] [WARN] CRC 校验失败, 已丢弃帧 (累计 3)
[2026-10-04 11:47:52.992] [WARN] CRC 校验失败, 已丢弃帧 (累计 3)
[2026-10-04 11:47:53.124] [WARN] CRC 校验失败, 已丢弃帧 (累计 3)
[2026-10-04 11:47:53.125] [WARN] CRC 校验失败, 已丢弃帧 (累计 3)
[2026-10-04 11:47:53.256] [WARN] CRC 校验失败, 已丢弃帧 (累计 3)
[2026-10-04 11:47:53.398] [WARN] CRC 校验失败, 已丢弃帧 (累计 3)
[2026-10-04 11:47:53.543] [WARN] CRC 校验失败, 已丢弃帧 (累计 3)
[2026-10-04 11:47:53.543] [WARN] CRC 校验失败, 已丢弃帧 (累计 4)
[2026-10-04 11:47:53.705] [WARN] CRC 校验失败, 已丢弃帧 (累计 4)
[2026-10-04 11:47:53.839] [WARN] CRC 校验失败, 已丢弃帧 (累计 4)
[2026-10-04 11:47:53.839] [WARN] CRC 校验失败, 已丢弃帧 (累计 4)
[2026-10-04 11:47:53.979] [WARN] CRC 校验失败, 已丢弃帧 (累计 5)
[2026-10-04 11:47:54.089] [WARN] CRC 校验失败, 已丢弃帧 (累计 6)
[2026-10-04 11:47:54.205] [WARN] 警告: 采样率 600 SPS 建议使用 460800 波特率 (115200 下 133 字节/帧约 11.5ms, 197 字节原始帧约 17.1ms)
[2026-10-04 11:47:54.206] [INFO] 发送 设置采样率 600 SPS / 不抑制: AA 01 02 05 00 9F 74
[2026-10-04 11:47:54.206] [WARN] CRC 校验失败, 已丢弃帧 (累计 6)
[2026-10-04 11:47:54.339] [WARN] CRC 校验失败, 已丢弃帧 (累计 6)
[2026-10-04 11:47:54.471] [WARN] CRC 校验失败, 已丢弃帧 (累计 6)
[2026-10-04 11:47:54.472] [WARN] CRC 校验失败, 已丢弃帧 (累计 7)
[2026-10-04 11:47:54.605] [WARN] CRC 校验失败, 已丢弃帧 (累计 7)
[2026-10-04 11:47:54.739] [WARN] CRC 校验失败, 已丢弃帧 (累计 7)
[2026-10-04 11:47:54.874] [WARN] CRC 校验失败, 已丢弃帧 (累计 7)
[2026-10-04 11:47:54.875] [WARN] CRC 校验失败, 已丢弃帧 (累计 7)
[2026-10-04 11:47:55.007] [WARN] CRC 校验失败, 已丢弃帧 (累计 7)
[2026-10-04 11:47:55.141] [WARN] CRC 校验失败, 已丢弃帧 (累计 7)
[2026-10-04 11:47:55.273] [WARN] CRC 校验失败, 已丢弃帧 (累计 7)
[2026-10-04 11:47:55.407] [WARN] CRC 校验失败, 已丢弃帧 (累计 7)
[2026-10-04 11:47:55.408] [WARN] CRC 校验失败, 已丢弃帧 (累计 8)
[2026-10-04 11:47:55.541] [WARN] CRC 校验失败, 已丢弃帧 (累计 8)
[2026-10-04 11:47:55.674] [WARN] CRC 校验失败, 已丢弃帧 (累计 9)
[2026-10-04 11:47:55.784] [WARN] CRC 校验失败, 已丢弃帧 (累计 9)
[2026-10-04 11:47:55.931] [INFO] 发送 设置采样率 20 SPS / 同时抑制50+60Hz: AA 01 02 00 01 5D E4
[2026-10-04 11:47:55.932] [WARN] CRC 校验失败, 已丢弃帧 (累计 9)
[2026-10-04 11:47:55.932] [WARN] CRC 校验失败, 已丢弃帧 (累计 10)
[2026-10-04 11:47:56.078] [WARN] CRC 校验失败, 已丢弃帧 (累计 11)
[2026-10-04 11:47:56.187] [WARN] CRC 校验失败, 已丢弃帧 (累计 12)
[2026-10-04 11:47:56.296] [WARN] CRC 校验失败, 已丢弃帧 (累计 13)
[2026-10-04 11:47:56.407] [WARN] CRC 校验失败, 已丢弃帧 (累计 13)
[2026-10-04 11:47:56.407] [WARN] CRC 校验失败, 已丢弃帧 (累计 13)
[2026-10-04 11:47:56.539] [WARN] CRC 校验失败, 已丢弃帧 (累计 13)
[2026-10-04 11:47:56.674] [WARN] CRC 校验失败, 已丢弃帧 (累计 13)
[2026-10-04 11:47:56.806] [WARN] CRC 校验失败, 已丢弃帧 (累计 14)
[2026-10-04 11:47:56.924] [WARN] CRC 校验失败, 已丢弃帧 (累计 15)
[2026-10-04 11:47:56.925] [WARN] CRC 校验失败, 已丢弃帧 (累计 15)
[2026-10-04 11:47:57.066] [WARN] CRC 校验失败, 已丢弃帧 (累计 16)
[2026-10-04 11:47:57.176] [WARN] CRC 校验失败, 已丢弃帧 (累计 16)
[2026-10-04 11:47:57.307] [WARN] CRC 校验失败, 已丢弃帧 (累计 16)
[2026-10-04 11:47:57.438] [WARN] CRC 校验失败, 已丢弃帧 (累计 16)
[2026-10-04 11:47:57.438] [WARN] CRC 校验失败, 已丢弃帧 (累计 16)
[2026-10-04 11:47:57.573] [INFO] 发送 停止采集: AA 02 01 00 81 AC
[2026-10-04 11:47:57.574] [WARN] CRC 校验失败, 已丢弃帧 (累计 17)
[2026-10-04 11:47:59.455] [INFO] 发送 单次读取全部通道: AA 03 01 FF 90 2C
[2026-10-04 11:47:59.455] [WARN] CRC 校验失败, 已丢弃帧 (累计 18)
[2026-10-04 11:48:00.454] [ERROR] 已 3.0s 未收到温度帧 —— 请检查下位机是否在运行 / 波特率是否匹配
[2026-10-04 11:48:00.673] [INFO] 发送 启动采集: AA 02 01 01 40 6C
[2026-10-04 11:48:00.783] [INFO] 单次读取结果: 8/32 路有效
[2026-10-04 11:48:00.784] [WARN] CRC 校验失败, 已丢弃帧 (累计 18)
[2026-10-04 11:48:00.784] [WARN] CRC 校验失败, 已丢弃帧 (累计 18)
[2026-10-04 11:48:00.933] [WARN] CRC 校验失败, 已丢弃帧 (累计 19)
[2026-10-04 11:48:01.045] [WARN] CRC 校验失败, 已丢弃帧 (累计 19)
[2026-10-04 11:48:01.175] [WARN] CRC 校验失败, 已丢弃帧 (累计 20)
[2026-10-04 11:48:01.285] [WARN] CRC 校验失败, 已丢弃帧 (累计 21)
[2026-10-04 11:48:01.394] [WARN] CRC 校验失败, 已丢弃帧 (累计 22)
[2026-10-04 11:48:01.503] [WARN] CRC 校验失败, 已丢弃帧 (累计 22)
[2026-10-04 11:48:01.503] [WARN] CRC 校验失败, 已丢弃帧 (累计 23)
[2026-10-04 11:48:01.641] [WARN] CRC 校验失败, 已丢弃帧 (累计 24)
[2026-10-04 11:48:01.752] [WARN] CRC 校验失败, 已丢弃帧 (累计 25)
[2026-10-04 11:48:01.868] [WARN] CRC 校验失败, 已丢弃帧 (累计 26)
[2026-10-04 11:48:01.977] [WARN] CRC 校验失败, 已丢弃帧 (累计 27)
[2026-10-04 11:48:02.086] [WARN] CRC 校验失败, 已丢弃帧 (累计 28)
[2026-10-04 11:48:02.196] [INFO] 曲线已暂停 (数据仍在接收/记录)
[2026-10-04 11:48:02.197] [INFO] 曲线已继续 (数据仍在接收/记录)
[2026-10-04 11:48:02.197] [INFO] 保留点数 = 120
[2026-10-04 11:48:02.198] [INFO] 超温门限 = 500.0 °C
[2026-10-04 11:48:02.198] [INFO] 超温门限 = 1000.0 °C
[2026-10-04 11:48:02.198] [INFO] 开始记录 -> C:\Users\Eason\Desktop\pjpk\ADS122016\pc_ui\_gui_selftest_data\temperature_20261004_114802.csv
[2026-10-04 11:48:02.199] [WARN] CRC 校验失败, 已丢弃帧 (累计 29)
[2026-10-04 11:48:02.332] [WARN] CRC 校验失败, 已丢弃帧 (累计 30)
[2026-10-04 11:48:02.332] [WARN] CRC 校验失败, 已丢弃帧 (累计 30)
[2026-10-04 11:48:02.469] [WARN] CRC 校验失败, 已丢弃帧 (累计 31)
[2026-10-04 11:48:02.578] [WARN] CRC 校验失败, 已丢弃帧 (累计 31)
[2026-10-04 11:48:02.709] [WARN] CRC 校验失败, 已丢弃帧 (累计 31)
[2026-10-04 11:48:02.841] [WARN] CRC 校验失败, 已丢弃帧 (累计 31)
[2026-10-04 11:48:02.981] [WARN] CRC 校验失败, 已丢弃帧 (累计 32)
[2026-10-04 11:48:02.982] [WARN] CRC 校验失败, 已丢弃帧 (累计 32)
[2026-10-04 11:48:03.114] [WARN] CRC 校验失败, 已丢弃帧 (累计 32)
[2026-10-04 11:48:03.245] [WARN] CRC 校验失败, 已丢弃帧 (累计 33)
[2026-10-04 11:48:03.360] [WARN] CRC 校验失败, 已丢弃帧 (累计 33)
[2026-10-04 11:48:03.362] [WARN] CRC 校验失败, 已丢弃帧 (累计 34)
[2026-10-04 11:48:03.493] [WARN] CRC 校验失败, 已丢弃帧 (累计 34)
[2026-10-04 11:48:03.624] [WARN] CRC 校验失败, 已丢弃帧 (累计 35)
[2026-10-04 11:48:03.734] [WARN] CRC 校验失败, 已丢弃帧 (累计 35)
[2026-10-04 11:48:03.879] [WARN] CRC 校验失败, 已丢弃帧 (累计 35)
[2026-10-04 11:48:03.880] [WARN] CRC 校验失败, 已丢弃帧 (累计 35)
[2026-10-04 11:48:04.012] [WARN] CRC 校验失败, 已丢弃帧 (累计 35)
[2026-10-04 11:48:04.143] [WARN] CRC 校验失败, 已丢弃帧 (累计 36)
[2026-10-04 11:48:04.252] [WARN] CRC 校验失败, 已丢弃帧 (累计 36)
[2026-10-04 11:48:04.391] [WARN] CRC 校验失败, 已丢弃帧 (累计 37)
[2026-10-04 11:48:04.391] [WARN] CRC 校验失败, 已丢弃帧 (累计 37)
[2026-10-04 11:48:04.522] [WARN] CRC 校验失败, 已丢弃帧 (累计 38)
[2026-10-04 11:48:04.632] [WARN] CRC 校验失败, 已丢弃帧 (累计 38)
[2026-10-04 11:48:04.768] [INFO] 停止记录: 15 行 -> C:\Users\Eason\Desktop\pjpk\ADS122016\pc_ui\_gui_selftest_data\temperature_20261004_114802.csv
[2026-10-04 11:48:04.771] [INFO] 串口已断开
[2026-10-04 11:48:04.773] [WARN] CRC 校验失败, 已丢弃帧 (累计 38)
[2026-10-04 11:48:04.773] [INFO] 演示模式: 虚拟下位机已停止
