[2026-10-04 11:51:20.405] [INFO] 日志文件: C:\Users\Eason\Desktop\pjpk\ADS122016\pc_ui\logs\log_20261004_115120.log
[2026-10-04 11:51:20.619] [INFO] 分度表已加载: K 型 1643 点 -270…1372 °C  (-6458…54886 µV)   sha256 678e9720…
[2026-10-04 11:51:20.623] [INFO] 扫描到 4 个串口: COM1, COM2, COM3, COM4
[2026-10-04 11:51:20.624] [INFO] 界面已启动 (演示模式: 使用虚拟下位机)
[2026-10-04 11:51:21.186] [INFO] 已连接虚拟下位机 (DEMO)
[2026-10-04 11:51:21.296] [INFO] 串口已连接: DEMO @ 460800
[2026-10-04 11:51:21.296] [INFO] 演示模式: 虚拟下位机已启动 (DEMO)
[2026-10-04 11:51:21.299] [INFO] 固件上报模式: 原始帧 CMD=0x12 (µV + 冷端 °C, 温度由上位机查分度表算)
[2026-10-04 11:51:21.318] [INFO] 识别到本板通道数: 8 路 (4 片 ADS1220)
[2026-10-04 11:51:21.623] [INFO] 发送 设置采样率 20 SPS / 不抑制: AA 01 02 00 00 9C 24
[2026-10-04 11:51:21.624] [INFO] 发送 启动采集: AA 02 01 01 40 6C
[2026-10-04 11:51:22.061] [WARN] CRC 校验失败, 已丢弃帧 (累计 1)
[2026-10-04 11:51:22.061] [WARN] CRC 校验失败, 已丢弃帧 (累计 2)
[2026-10-04 11:51:22.170] [WARN] CRC 校验失败, 已丢弃帧 (累计 3)
[2026-10-04 11:51:22.288] [WARN] CRC 校验失败, 已丢弃帧 (累计 3)
[2026-10-04 11:51:22.424] [WARN] CRC 校验失败, 已丢弃帧 (累计 3)
[2026-10-04 11:51:22.557] [WARN] CRC 校验失败, 已丢弃帧 (累计 3)
[2026-10-04 11:51:22.557] [WARN] CRC 校验失败, 已丢弃帧 (累计 3)
[2026-10-04 11:51:22.694] [WARN] CRC 校验失败, 已丢弃帧 (累计 3)
[2026-10-04 11:51:22.827] [WARN] CRC 校验失败, 已丢弃帧 (累计 3)
[2026-10-04 11:51:22.969] [WARN] CRC 校验失败, 已丢弃帧 (累计 3)
[2026-10-04 11:51:22.969] [WARN] CRC 校验失败, 已丢弃帧 (累计 3)
[2026-10-04 11:51:23.103] [WARN] CRC 校验失败, 已丢弃帧 (累计 3)
[2026-10-04 11:51:23.235] [WARN] CRC 校验失败, 已丢弃帧 (累计 4)
[2026-10-04 11:51:23.351] [WARN] CRC 校验失败, 已丢弃帧 (累计 4)
[2026-10-04 11:51:23.485] [WARN] CRC 校验失败, 已丢弃帧 (累计 4)
[2026-10-04 11:51:23.485] [WARN] CRC 校验失败, 已丢弃帧 (累计 4)
[2026-10-04 11:51:23.616] [WARN] CRC 校验失败, 已丢弃帧 (累计 5)
[2026-10-04 11:51:23.726] [WARN] 警告: 采样率 600 SPS 建议使用 460800 波特率 (115200 下 133 字节/帧约 11.5ms, 197 字节原始帧约 17.1ms)
[2026-10-04 11:51:23.726] [INFO] 发送 设置采样率 600 SPS / 不抑制: AA 01 02 05 00 9F 74
[2026-10-04 11:51:23.726] [WARN] CRC 校验失败, 已丢弃帧 (累计 6)
[2026-10-04 11:51:23.838] [WARN] CRC 校验失败, 已丢弃帧 (累计 6)
[2026-10-04 11:51:23.978] [WARN] CRC 校验失败, 已丢弃帧 (累计 6)
[2026-10-04 11:51:24.110] [WARN] CRC 校验失败, 已丢弃帧 (累计 6)
[2026-10-04 11:51:24.110] [WARN] CRC 校验失败, 已丢弃帧 (累计 7)
[2026-10-04 11:51:24.243] [WARN] CRC 校验失败, 已丢弃帧 (累计 7)
[2026-10-04 11:51:24.380] [WARN] CRC 校验失败, 已丢弃帧 (累计 7)
[2026-10-04 11:51:24.512] [WARN] CRC 校验失败, 已丢弃帧 (累计 7)
[2026-10-04 11:51:24.512] [WARN] CRC 校验失败, 已丢弃帧 (累计 7)
[2026-10-04 11:51:24.644] [WARN] CRC 校验失败, 已丢弃帧 (累计 7)
[2026-10-04 11:51:24.786] [WARN] CRC 校验失败, 已丢弃帧 (累计 7)
[2026-10-04 11:51:24.927] [WARN] CRC 校验失败, 已丢弃帧 (累计 7)
[2026-10-04 11:51:24.928] [WARN] CRC 校验失败, 已丢弃帧 (累计 7)
[2026-10-04 11:51:25.060] [WARN] CRC 校验失败, 已丢弃帧 (累计 8)
[2026-10-04 11:51:25.171] [WARN] CRC 校验失败, 已丢弃帧 (累计 8)
[2026-10-04 11:51:25.307] [WARN] CRC 校验失败, 已丢弃帧 (累计 9)
[2026-10-04 11:51:25.418] [INFO] 发送 设置采样率 20 SPS / 同时抑制50+60Hz: AA 01 02 00 01 5D E4
[2026-10-04 11:51:25.418] [WARN] CRC 校验失败, 已丢弃帧 (累计 9)
[2026-10-04 11:51:25.555] [WARN] CRC 校验失败, 已丢弃帧 (累计 9)
[2026-10-04 11:51:25.556] [WARN] CRC 校验失败, 已丢弃帧 (累计 10)
[2026-10-04 11:51:25.701] [WARN] CRC 校验失败, 已丢弃帧 (累计 11)
[2026-10-04 11:51:25.810] [WARN] CRC 校验失败, 已丢弃帧 (累计 12)
[2026-10-04 11:51:25.927] [WARN] CRC 校验失败, 已丢弃帧 (累计 13)
[2026-10-04 11:51:26.037] [WARN] CRC 校验失败, 已丢弃帧 (累计 13)
[2026-10-04 11:51:26.038] [WARN] CRC 校验失败, 已丢弃帧 (累计 13)
[2026-10-04 11:51:26.171] [WARN] CRC 校验失败, 已丢弃帧 (累计 13)
[2026-10-04 11:51:26.314] [WARN] CRC 校验失败, 已丢弃帧 (累计 13)
[2026-10-04 11:51:26.448] [WARN] CRC 校验失败, 已丢弃帧 (累计 14)
[2026-10-04 11:51:26.448] [WARN] CRC 校验失败, 已丢弃帧 (累计 15)
[2026-10-04 11:51:26.558] [WARN] CRC 校验失败, 已丢弃帧 (累计 15)
[2026-10-04 11:51:26.689] [WARN] CRC 校验失败, 已丢弃帧 (累计 16)
[2026-10-04 11:51:26.799] [WARN] CRC 校验失败, 已丢弃帧 (累计 16)
[2026-10-04 11:51:26.940] [WARN] CRC 校验失败, 已丢弃帧 (累计 16)
[2026-10-04 11:51:27.072] [INFO] 发送 停止采集: AA 02 01 00 81 AC
[2026-10-04 11:51:27.073] [WARN] CRC 校验失败, 已丢弃帧 (累计 16)
[2026-10-04 11:51:27.073] [WARN] CRC 校验失败, 已丢弃帧 (累计 16)
[2026-10-04 11:51:28.986] [INFO] 发送 单次读取全部通道: AA 03 01 FF 90 2C
[2026-10-04 11:51:28.986] [WARN] CRC 校验失败, 已丢弃帧 (累计 17)
[2026-10-04 11:51:30.101] [ERROR] 已 3.0s 未收到温度帧 —— 请检查下位机是否在运行 / 波特率是否匹配
[2026-10-04 11:51:30.211] [INFO] 发送 启动采集: AA 02 01 01 40 6C
[2026-10-04 11:51:30.319] [WARN] CRC 校验失败, 已丢弃帧 (累计 18)
[2026-10-04 11:51:30.320] [INFO] 单次读取结果: 8/32 路有效
[2026-10-04 11:51:30.320] [WARN] CRC 校验失败, 已丢弃帧 (累计 18)
[2026-10-04 11:51:30.433] [WARN] CRC 校验失败, 已丢弃帧 (累计 18)
[2026-10-04 11:51:30.564] [WARN] CRC 校验失败, 已丢弃帧 (累计 19)
[2026-10-04 11:51:30.677] [WARN] CRC 校验失败, 已丢弃帧 (累计 19)
[2026-10-04 11:51:30.812] [WARN] CRC 校验失败, 已丢弃帧 (累计 20)
[2026-10-04 11:51:30.931] [WARN] CRC 校验失败, 已丢弃帧 (累计 21)
[2026-10-04 11:51:30.932] [WARN] CRC 校验失败, 已丢弃帧 (累计 22)
[2026-10-04 11:51:31.041] [WARN] CRC 校验失败, 已丢弃帧 (累计 22)
[2026-10-04 11:51:31.173] [WARN] CRC 校验失败, 已丢弃帧 (累计 23)
[2026-10-04 11:51:31.283] [WARN] CRC 校验失败, 已丢弃帧 (累计 24)
[2026-10-04 11:51:31.404] [WARN] CRC 校验失败, 已丢弃帧 (累计 25)
[2026-10-04 11:51:31.513] [WARN] CRC 校验失败, 已丢弃帧 (累计 26)
[2026-10-04 11:51:31.623] [WARN] CRC 校验失败, 已丢弃帧 (累计 27)
[2026-10-04 11:51:31.732] [INFO] 曲线已暂停 (数据仍在接收/记录)
[2026-10-04 11:51:31.733] [INFO] 曲线已继续 (数据仍在接收/记录)
[2026-10-04 11:51:31.734] [INFO] 保留点数 = 120
[2026-10-04 11:51:31.734] [INFO] 超温门限 = 500.0 °C
[2026-10-04 11:51:31.734] [INFO] 超温门限 = 1000.0 °C
[2026-10-04 11:51:31.735] [INFO] 开始记录 -> C:\Users\Eason\Desktop\pjpk\ADS122016\pc_ui\_gui_selftest_data\temperature_20261004_115131.csv
[2026-10-04 11:51:31.735] [WARN] CRC 校验失败, 已丢弃帧 (累计 28)
[2026-10-04 11:51:31.880] [WARN] CRC 校验失败, 已丢弃帧 (累计 29)
[2026-10-04 11:51:31.880] [WARN] CRC 校验失败, 已丢弃帧 (累计 30)
[2026-10-04 11:51:31.991] [WARN] CRC 校验失败, 已丢弃帧 (累计 30)
[2026-10-04 11:51:32.123] [WARN] CRC 校验失败, 已丢弃帧 (累计 31)
[2026-10-04 11:51:32.232] [WARN] CRC 校验失败, 已丢弃帧 (累计 31)
[2026-10-04 11:51:32.365] [WARN] CRC 校验失败, 已丢弃帧 (累计 31)
[2026-10-04 11:51:32.366] [WARN] CRC 校验失败, 已丢弃帧 (累计 31)
[2026-10-04 11:51:32.497] [WARN] CRC 校验失败, 已丢弃帧 (累计 32)
[2026-10-04 11:51:32.608] [WARN] CRC 校验失败, 已丢弃帧 (累计 32)
[2026-10-04 11:51:32.748] [WARN] CRC 校验失败, 已丢弃帧 (累计 32)
[2026-10-04 11:51:32.887] [WARN] CRC 校验失败, 已丢弃帧 (累计 33)
[2026-10-04 11:51:32.888] [WARN] CRC 校验失败, 已丢弃帧 (累计 33)
[2026-10-04 11:51:33.027] [WARN] CRC 校验失败, 已丢弃帧 (累计 34)
[2026-10-04 11:51:33.138] [WARN] CRC 校验失败, 已丢弃帧 (累计 34)
[2026-10-04 11:51:33.273] [WARN] CRC 校验失败, 已丢弃帧 (累计 35)
[2026-10-04 11:51:33.387] [WARN] CRC 校验失败, 已丢弃帧 (累计 35)
[2026-10-04 11:51:33.521] [WARN] CRC 校验失败, 已丢弃帧 (累计 35)
[2026-10-04 11:51:33.521] [WARN] CRC 校验失败, 已丢弃帧 (累计 35)
[2026-10-04 11:51:33.654] [WARN] CRC 校验失败, 已丢弃帧 (累计 35)
[2026-10-04 11:51:33.786] [WARN] CRC 校验失败, 已丢弃帧 (累计 36)
[2026-10-04 11:51:33.931] [WARN] CRC 校验失败, 已丢弃帧 (累计 36)
[2026-10-04 11:51:33.931] [WARN] CRC 校验失败, 已丢弃帧 (累计 37)
[2026-10-04 11:51:34.075] [WARN] CRC 校验失败, 已丢弃帧 (累计 37)
[2026-10-04 11:51:34.209] [WARN] CRC 校验失败, 已丢弃帧 (累计 38)
[2026-10-04 11:51:34.326] [INFO] 停止记录: 14 行 -> C:\Users\Eason\Desktop\pjpk\ADS122016\pc_ui\_gui_selftest_data\temperature_20261004_115131.csv
[2026-10-04 11:51:34.330] [INFO] 串口已断开
[2026-10-04 11:51:34.331] [WARN] CRC 校验失败, 已丢弃帧 (累计 38)
[2026-10-04 11:51:34.332] [WARN] CRC 校验失败, 已丢弃帧 (累计 38)
[2026-10-04 11:51:34.332] [INFO] 演示模式: 虚拟下位机已停止
