[2026-10-04 11:48:41.850] [INFO] 日志文件: C:\Users\Eason\Desktop\pjpk\ADS122016\pc_ui\logs\log_20261004_114841.log
[2026-10-04 11:48:42.079] [INFO] 分度表已加载: K 型 1643 点 -270…1372 °C  (-6458…54886 µV)   sha256 678e9720…
[2026-10-04 11:48:42.084] [INFO] 扫描到 4 个串口: COM1, COM2, COM3, COM4
[2026-10-04 11:48:42.084] [INFO] 界面已启动 (演示模式: 使用虚拟下位机)
[2026-10-04 11:48:42.629] [INFO] 已连接虚拟下位机 (DEMO)
[2026-10-04 11:48:42.737] [INFO] 串口已连接: DEMO @ 460800
[2026-10-04 11:48:42.737] [INFO] 演示模式: 虚拟下位机已启动 (DEMO)
[2026-10-04 11:48:42.740] [INFO] 固件上报模式: 原始帧 CMD=0x12 (µV + 冷端 °C, 温度由上位机查分度表算)
[2026-10-04 11:48:42.760] [INFO] 识别到本板通道数: 8 路 (4 片 ADS1220)
[2026-10-04 11:48:43.107] [INFO] 发送 设置采样率 20 SPS / 不抑制: AA 01 02 00 00 9C 24
[2026-10-04 11:48:43.108] [INFO] 发送 启动采集: AA 02 01 01 40 6C
[2026-10-04 11:48:43.378] [WARN] CRC 校验失败, 已丢弃帧 (累计 1)
[2026-10-04 11:48:43.540] [WARN] CRC 校验失败, 已丢弃帧 (累计 2)
[2026-10-04 11:48:43.653] [WARN] CRC 校验失败, 已丢弃帧 (累计 3)
[2026-10-04 11:48:43.783] [WARN] CRC 校验失败, 已丢弃帧 (累计 3)
[2026-10-04 11:48:43.784] [WARN] CRC 校验失败, 已丢弃帧 (累计 3)
[2026-10-04 11:48:43.922] [WARN] CRC 校验失败, 已丢弃帧 (累计 3)
[2026-10-04 11:48:44.057] [WARN] CRC 校验失败, 已丢弃帧 (累计 3)
[2026-10-04 11:48:44.191] [WARN] CRC 校验失败, 已丢弃帧 (累计 3)
[2026-10-04 11:48:44.192] [WARN] CRC 校验失败, 已丢弃帧 (累计 3)
[2026-10-04 11:48:44.324] [WARN] CRC 校验失败, 已丢弃帧 (累计 3)
[2026-10-04 11:48:44.457] [WARN] CRC 校验失败, 已丢弃帧 (累计 3)
[2026-10-04 11:48:44.590] [WARN] CRC 校验失败, 已丢弃帧 (累计 3)
[2026-10-04 11:48:44.724] [WARN] CRC 校验失败, 已丢弃帧 (累计 4)
[2026-10-04 11:48:44.725] [WARN] CRC 校验失败, 已丢弃帧 (累计 4)
[2026-10-04 11:48:44.860] [WARN] CRC 校验失败, 已丢弃帧 (累计 4)
[2026-10-04 11:48:44.993] [WARN] CRC 校验失败, 已丢弃帧 (累计 4)
[2026-10-04 11:48:45.124] [WARN] CRC 校验失败, 已丢弃帧 (累计 5)
[2026-10-04 11:48:45.125] [WARN] CRC 校验失败, 已丢弃帧 (累计 6)
[2026-10-04 11:48:45.235] [WARN] 警告: 采样率 600 SPS 建议使用 460800 波特率 (115200 下 133 字节/帧约 11.5ms, 197 字节原始帧约 17.1ms)
[2026-10-04 11:48:45.236] [INFO] 发送 设置采样率 600 SPS / 不抑制: AA 01 02 05 00 9F 74
[2026-10-04 11:48:45.236] [WARN] CRC 校验失败, 已丢弃帧 (累计 6)
[2026-10-04 11:48:45.369] [WARN] CRC 校验失败, 已丢弃帧 (累计 6)
[2026-10-04 11:48:45.502] [WARN] CRC 校验失败, 已丢弃帧 (累计 6)
[2026-10-04 11:48:45.634] [WARN] CRC 校验失败, 已丢弃帧 (累计 7)
[2026-10-04 11:48:45.635] [WARN] CRC 校验失败, 已丢弃帧 (累计 7)
[2026-10-04 11:48:45.768] [WARN] CRC 校验失败, 已丢弃帧 (累计 7)
[2026-10-04 11:48:45.914] [WARN] CRC 校验失败, 已丢弃帧 (累计 7)
[2026-10-04 11:48:46.048] [WARN] CRC 校验失败, 已丢弃帧 (累计 7)
[2026-10-04 11:48:46.048] [WARN] CRC 校验失败, 已丢弃帧 (累计 7)
[2026-10-04 11:48:46.180] [WARN] CRC 校验失败, 已丢弃帧 (累计 7)
[2026-10-04 11:48:46.312] [WARN] CRC 校验失败, 已丢弃帧 (累计 7)
[2026-10-04 11:48:46.445] [WARN] CRC 校验失败, 已丢弃帧 (累计 7)
[2026-10-04 11:48:46.576] [WARN] CRC 校验失败, 已丢弃帧 (累计 8)
[2026-10-04 11:48:46.576] [WARN] CRC 校验失败, 已丢弃帧 (累计 8)
[2026-10-04 11:48:46.714] [WARN] CRC 校验失败, 已丢弃帧 (累计 9)
[2026-10-04 11:48:46.824] [WARN] CRC 校验失败, 已丢弃帧 (累计 9)
[2026-10-04 11:48:46.964] [INFO] 发送 设置采样率 20 SPS / 同时抑制50+60Hz: AA 01 02 00 01 5D E4
[2026-10-04 11:48:46.964] [WARN] CRC 校验失败, 已丢弃帧 (累计 9)
[2026-10-04 11:48:47.101] [WARN] CRC 校验失败, 已丢弃帧 (累计 10)
[2026-10-04 11:48:47.101] [WARN] CRC 校验失败, 已丢弃帧 (累计 11)
[2026-10-04 11:48:47.217] [WARN] CRC 校验失败, 已丢弃帧 (累计 12)
[2026-10-04 11:48:47.330] [WARN] CRC 校验失败, 已丢弃帧 (累计 13)
[2026-10-04 11:48:47.441] [WARN] CRC 校验失败, 已丢弃帧 (累计 13)
[2026-10-04 11:48:47.572] [WARN] CRC 校验失败, 已丢弃帧 (累计 13)
[2026-10-04 11:48:47.702] [WARN] CRC 校验失败, 已丢弃帧 (累计 13)
[2026-10-04 11:48:47.702] [WARN] CRC 校验失败, 已丢弃帧 (累计 13)
[2026-10-04 11:48:47.841] [WARN] CRC 校验失败, 已丢弃帧 (累计 14)
[2026-10-04 11:48:47.958] [WARN] CRC 校验失败, 已丢弃帧 (累计 15)
[2026-10-04 11:48:48.068] [WARN] CRC 校验失败, 已丢弃帧 (累计 15)
[2026-10-04 11:48:48.198] [WARN] CRC 校验失败, 已丢弃帧 (累计 16)
[2026-10-04 11:48:48.308] [WARN] CRC 校验失败, 已丢弃帧 (累计 16)
[2026-10-04 11:48:48.308] [WARN] CRC 校验失败, 已丢弃帧 (累计 16)
[2026-10-04 11:48:48.449] [WARN] CRC 校验失败, 已丢弃帧 (累计 16)
[2026-10-04 11:48:48.580] [INFO] 发送 停止采集: AA 02 01 00 81 AC
[2026-10-04 11:48:48.581] [WARN] CRC 校验失败, 已丢弃帧 (累计 16)
[2026-10-04 11:48:50.492] [INFO] 发送 单次读取全部通道: AA 03 01 FF 90 2C
[2026-10-04 11:48:50.493] [WARN] CRC 校验失败, 已丢弃帧 (累计 17)
[2026-10-04 11:48:51.608] [ERROR] 已 3.1s 未收到温度帧 —— 请检查下位机是否在运行 / 波特率是否匹配
[2026-10-04 11:48:51.716] [INFO] 发送 启动采集: AA 02 01 01 40 6C
[2026-10-04 11:48:51.826] [WARN] CRC 校验失败, 已丢弃帧 (累计 18)
[2026-10-04 11:48:51.827] [INFO] 单次读取结果: 8/32 路有效
[2026-10-04 11:48:51.828] [WARN] CRC 校验失败, 已丢弃帧 (累计 18)
[2026-10-04 11:48:51.949] [WARN] CRC 校验失败, 已丢弃帧 (累计 18)
[2026-10-04 11:48:52.079] [WARN] CRC 校验失败, 已丢弃帧 (累计 19)
[2026-10-04 11:48:52.190] [WARN] CRC 校验失败, 已丢弃帧 (累计 19)
[2026-10-04 11:48:52.321] [WARN] CRC 校验失败, 已丢弃帧 (累计 20)
[2026-10-04 11:48:52.430] [WARN] CRC 校验失败, 已丢弃帧 (累计 21)
[2026-10-04 11:48:52.540] [WARN] CRC 校验失败, 已丢弃帧 (累计 22)
[2026-10-04 11:48:52.649] [WARN] CRC 校验失败, 已丢弃帧 (累计 22)
[2026-10-04 11:48:52.650] [WARN] CRC 校验失败, 已丢弃帧 (累计 23)
[2026-10-04 11:48:52.780] [WARN] CRC 校验失败, 已丢弃帧 (累计 24)
[2026-10-04 11:48:52.898] [WARN] CRC 校验失败, 已丢弃帧 (累计 25)
[2026-10-04 11:48:53.013] [WARN] CRC 校验失败, 已丢弃帧 (累计 26)
[2026-10-04 11:48:53.125] [WARN] CRC 校验失败, 已丢弃帧 (累计 27)
[2026-10-04 11:48:53.236] [INFO] 曲线已暂停 (数据仍在接收/记录)
[2026-10-04 11:48:53.237] [INFO] 曲线已继续 (数据仍在接收/记录)
[2026-10-04 11:48:53.237] [INFO] 保留点数 = 120
[2026-10-04 11:48:53.237] [INFO] 超温门限 = 500.0 °C
[2026-10-04 11:48:53.238] [INFO] 超温门限 = 1000.0 °C
[2026-10-04 11:48:53.238] [INFO] 开始记录 -> C:\Users\Eason\Desktop\pjpk\ADS122016\pc_ui\_gui_selftest_data\temperature_20261004_114853.csv
[2026-10-04 11:48:53.239] [WARN] CRC 校验失败, 已丢弃帧 (累计 28)
[2026-10-04 11:48:53.369] [WARN] CRC 校验失败, 已丢弃帧 (累计 29)
[2026-10-04 11:48:53.369] [WARN] CRC 校验失败, 已丢弃帧 (累计 30)
[2026-10-04 11:48:53.478] [WARN] CRC 校验失败, 已丢弃帧 (累计 30)
[2026-10-04 11:48:53.610] [WARN] CRC 校验失败, 已丢弃帧 (累计 31)
[2026-10-04 11:48:53.721] [WARN] CRC 校验失败, 已丢弃帧 (累计 31)
[2026-10-04 11:48:53.861] [WARN] CRC 校验失败, 已丢弃帧 (累计 31)
[2026-10-04 11:48:53.993] [WARN] CRC 校验失败, 已丢弃帧 (累计 31)
[2026-10-04 11:48:53.994] [WARN] CRC 校验失败, 已丢弃帧 (累计 32)
[2026-10-04 11:48:54.125] [WARN] CRC 校验失败, 已丢弃帧 (累计 32)
[2026-10-04 11:48:54.262] [WARN] CRC 校验失败, 已丢弃帧 (累计 32)
[2026-10-04 11:48:54.394] [WARN] CRC 校验失败, 已丢弃帧 (累计 33)
[2026-10-04 11:48:54.395] [WARN] CRC 校验失败, 已丢弃帧 (累计 33)
[2026-10-04 11:48:54.527] [WARN] CRC 校验失败, 已丢弃帧 (累计 34)
[2026-10-04 11:48:54.642] [WARN] CRC 校验失败, 已丢弃帧 (累计 34)
[2026-10-04 11:48:54.775] [WARN] CRC 校验失败, 已丢弃帧 (累计 35)
[2026-10-04 11:48:54.892] [WARN] CRC 校验失败, 已丢弃帧 (累计 35)
[2026-10-04 11:48:55.034] [WARN] CRC 校验失败, 已丢弃帧 (累计 35)
[2026-10-04 11:48:55.035] [WARN] CRC 校验失败, 已丢弃帧 (累计 35)
[2026-10-04 11:48:55.169] [WARN] CRC 校验失败, 已丢弃帧 (累计 35)
[2026-10-04 11:48:55.300] [WARN] CRC 校验失败, 已丢弃帧 (累计 36)
[2026-10-04 11:48:55.421] [WARN] CRC 校验失败, 已丢弃帧 (累计 36)
[2026-10-04 11:48:55.421] [WARN] CRC 校验失败, 已丢弃帧 (累计 37)
[2026-10-04 11:48:55.556] [WARN] CRC 校验失败, 已丢弃帧 (累计 37)
[2026-10-04 11:48:55.691] [WARN] CRC 校验失败, 已丢弃帧 (累计 38)
[2026-10-04 11:48:55.803] [INFO] 停止记录: 14 行 -> C:\Users\Eason\Desktop\pjpk\ADS122016\pc_ui\_gui_selftest_data\temperature_20261004_114853.csv
[2026-10-04 11:48:55.806] [INFO] 串口已断开
[2026-10-04 11:48:55.807] [WARN] CRC 校验失败, 已丢弃帧 (累计 38)
[2026-10-04 11:48:55.808] [INFO] 演示模式: 虚拟下位机已停止
