[2026-10-04 12:27:36.769] [INFO] 日志文件: C:\Users\Eason\Desktop\pjpk\ADS122016\pc_ui\logs\log_20261004_122736.log
[2026-10-04 12:27:37.168] [INFO] 分度表已加载: K 型 1643 点 -270…1372 °C  (-6458…54886 µV)   sha256 678e9720…
[2026-10-04 12:27:37.201] [INFO] 扫描到 4 个串口: COM1, COM2, COM3, COM4
[2026-10-04 12:27:37.213] [INFO] 界面已启动
[2026-10-04 12:27:42.402] [INFO] 正在打开串口 COM1 @ 115200 ...
[2026-10-04 12:27:42.548] [INFO] 串口已连接: COM1 @ 115200
[2026-10-04 12:27:42.806] [INFO] 发送 设置采样率 20 SPS / 不抑制: AA 01 02 00 00 9C 24
[2026-10-04 12:27:42.823] [INFO] 发送 启动采集: AA 02 01 01 40 6C
[2026-10-04 12:27:45.642] [INFO] 固件上报模式: 原始帧 CMD=0x12 (µV + 冷端 °C, 温度由上位机查分度表算)
[2026-10-04 12:27:45.657] [INFO] 识别到本板通道数: 8 路 (4 片 ADS1220)
[2026-10-04 12:28:27.462] [ERROR] 开始记录失败: [WinError 5] Access is denied: 'C:\\Windows\\system32\\data'
[2026-10-04 12:28:29.154] [INFO] 曲线已暂停 (数据仍在接收/记录)
[2026-10-04 12:28:36.716] [INFO] 发送 停止采集: AA 02 01 00 81 AC
[2026-10-04 12:34:24.188] [INFO] 发送 停止采集: AA 02 01 00 81 AC
[2026-10-04 12:34:25.189] [INFO] 发送 停止采集: AA 02 01 00 81 AC
[2026-10-04 12:34:25.384] [INFO] 发送 停止采集: AA 02 01 00 81 AC
[2026-10-04 12:34:25.561] [INFO] 发送 停止采集: AA 02 01 00 81 AC
[2026-10-04 12:34:26.753] [INFO] 串口已断开
[2026-10-04 12:34:26.754] [INFO] 串口线程已退出
[2026-10-04 12:34:38.506] [INFO] 自动缩放: 关 (可鼠标缩放/平移)
[2026-10-04 12:35:24.422] [INFO] 保存路径: C:\Users\Eason\Desktop\DocTemp\log
[2026-10-04 12:35:25.972] [INFO] 开始记录 -> C:\Users\Eason\Desktop\DocTemp\log\temperature_20261004_123525.csv
[2026-10-04 12:35:27.075] [INFO] 停止记录: 0 行 -> C:\Users\Eason\Desktop\DocTemp\log\temperature_20261004_123525.csv
[2026-10-04 12:35:28.151] [INFO] 正在打开串口 COM1 @ 115200 ...
[2026-10-04 12:35:28.285] [INFO] 串口已连接: COM1 @ 115200
[2026-10-04 12:35:28.552] [INFO] 发送 设置采样率 20 SPS / 不抑制: AA 01 02 00 00 9C 24
[2026-10-04 12:35:28.552] [INFO] 发送 启动采集: AA 02 01 01 40 6C
[2026-10-04 12:35:33.442] [INFO] 发送 单次读取全部通道: AA 03 01 FF 90 2C
[2026-10-04 12:35:33.511] [INFO] 单次读取结果: 7/32 路有效
[2026-10-04 12:35:34.564] [INFO] 发送 单次读取全部通道: AA 03 01 FF 90 2C
[2026-10-04 12:35:34.635] [INFO] 单次读取结果: 7/32 路有效
[2026-10-04 12:35:35.402] [INFO] 发送 单次读取全部通道: AA 03 01 FF 90 2C
[2026-10-04 12:35:35.454] [INFO] 单次读取结果: 7/32 路有效
[2026-10-04 12:35:35.569] [INFO] 发送 单次读取全部通道: AA 03 01 FF 90 2C
[2026-10-04 12:35:35.761] [INFO] 单次读取结果: 8/32 路有效
[2026-10-04 12:35:36.950] [INFO] 发送 启动采集: AA 02 01 01 40 6C
[2026-10-04 12:35:40.815] [ERROR] 开始记录失败: threads can only be started once
[2026-10-04 12:35:42.286] [INFO] 停止记录: 0 行 -> C:\Users\Eason\Desktop\DocTemp\log\temperature_20261004_123539.csv
[2026-10-04 12:35:47.529] [INFO] 曲线已清空 (记录不受影响)
[2026-10-04 12:35:48.349] [INFO] 曲线已清空 (记录不受影响)
[2026-10-04 12:35:48.519] [INFO] 曲线已清空 (记录不受影响)
[2026-10-04 12:35:48.664] [INFO] 曲线已清空 (记录不受影响)
[2026-10-04 12:35:49.220] [INFO] 曲线已继续 (数据仍在接收/记录)
[2026-10-04 12:35:51.172] [INFO] 曲线已清空 (记录不受影响)
[2026-10-04 12:35:54.848] [ERROR] 开始记录失败: threads can only be started once
[2026-10-04 12:35:55.796] [INFO] 停止记录: 0 行 -> C:\Users\Eason\Desktop\DocTemp\log\temperature_20261004_123553.csv
[2026-10-04 12:35:57.452] [ERROR] 开始记录失败: threads can only be started once
[2026-10-04 12:36:14.959] [INFO] 发送 设置采样率 20 SPS / 同时抑制50+60Hz: AA 01 02 00 01 5D E4
[2026-10-04 12:37:34.820] [ERROR] 已 3.1s 未收到温度帧 —— 请检查下位机是否在运行 / 波特率是否匹配
[2026-10-04 12:37:38.845] [INFO] 发送 停止采集: AA 02 01 00 81 AC
[2026-10-04 12:38:09.648] [ERROR] 已 3.0s 未收到温度帧 —— 请检查下位机是否在运行 / 波特率是否匹配
[2026-10-04 12:39:13.007] [INFO] 串口已断开
[2026-10-04 12:39:13.008] [INFO] 停止记录: 0 行 -> C:\Users\Eason\Desktop\DocTemp\log\temperature_20261004_123556.csv
[2026-10-04 12:39:13.014] [INFO] 串口线程已退出
