[2026-10-04 11:32:36.832] [INFO] 日志文件: C:\Users\Eason\Desktop\pjpk\ADS122016\pc_ui\logs\log_20261004_113236.log
[2026-10-04 11:32:37.058] [INFO] 分度表已加载: K 型 1643 点 -270…1372 °C  (-6458…54886 µV)   sha256 678e9720…
[2026-10-04 11:32:37.063] [INFO] 扫描到 2 个串口: COM3, COM4
[2026-10-04 11:32:37.063] [INFO] 界面已启动 (演示模式: 使用虚拟下位机)
[2026-10-04 11:32:37.786] [INFO] 已连接虚拟下位机 (DEMO)
[2026-10-04 11:32:37.889] [INFO] 串口已连接: DEMO @ 460800
[2026-10-04 11:32:37.890] [INFO] 演示模式: 虚拟下位机已启动 (DEMO)
[2026-10-04 11:32:37.907] [INFO] 识别到本板通道数: 8 路 (4 片 ADS1220)
[2026-10-04 11:32:38.243] [INFO] 发送 设置采样率 20 SPS / 不抑制: AA 01 02 00 00 9C 24
[2026-10-04 11:32:38.244] [INFO] 发送 启动采集: AA 02 01 01 40 6C
[2026-10-04 11:32:38.650] [WARN] CRC 校验失败, 已丢弃帧 (累计 1)
[2026-10-04 11:32:38.650] [WARN] CRC 校验失败, 已丢弃帧 (累计 2)
[2026-10-04 11:32:38.760] [WARN] CRC 校验失败, 已丢弃帧 (累计 3)
[2026-10-04 11:32:38.869] [WARN] CRC 校验失败, 已丢弃帧 (累计 3)
[2026-10-04 11:32:39.003] [WARN] CRC 校验失败, 已丢弃帧 (累计 3)
[2026-10-04 11:32:39.136] [WARN] CRC 校验失败, 已丢弃帧 (累计 3)
[2026-10-04 11:32:39.273] [WARN] CRC 校验失败, 已丢弃帧 (累计 3)
[2026-10-04 11:32:39.273] [WARN] CRC 校验失败, 已丢弃帧 (累计 3)
[2026-10-04 11:32:39.408] [WARN] CRC 校验失败, 已丢弃帧 (累计 3)
[2026-10-04 11:32:39.540] [WARN] CRC 校验失败, 已丢弃帧 (累计 3)
[2026-10-04 11:32:39.675] [WARN] CRC 校验失败, 已丢弃帧 (累计 3)
[2026-10-04 11:32:39.809] [WARN] CRC 校验失败, 已丢弃帧 (累计 3)
[2026-10-04 11:32:39.809] [WARN] CRC 校验失败, 已丢弃帧 (累计 4)
[2026-10-04 11:32:39.942] [WARN] CRC 校验失败, 已丢弃帧 (累计 4)
[2026-10-04 11:32:40.076] [WARN] CRC 校验失败, 已丢弃帧 (累计 4)
[2026-10-04 11:32:40.209] [WARN] CRC 校验失败, 已丢弃帧 (累计 4)
[2026-10-04 11:32:40.342] [WARN] 警告: 采样率 600 SPS 建议使用 460800 波特率 (115200 下 133 字节/帧约 11.5ms)
[2026-10-04 11:32:40.343] [INFO] 发送 设置采样率 600 SPS / 不抑制: AA 01 02 05 00 9F 74
[2026-10-04 11:32:40.343] [WARN] CRC 校验失败, 已丢弃帧 (累计 5)
[2026-10-04 11:32:40.343] [WARN] CRC 校验失败, 已丢弃帧 (累计 6)
[2026-10-04 11:32:40.456] [WARN] CRC 校验失败, 已丢弃帧 (累计 6)
[2026-10-04 11:32:40.589] [WARN] CRC 校验失败, 已丢弃帧 (累计 6)
[2026-10-04 11:32:40.722] [WARN] CRC 校验失败, 已丢弃帧 (累计 6)
[2026-10-04 11:32:40.854] [WARN] CRC 校验失败, 已丢弃帧 (累计 7)
[2026-10-04 11:32:40.855] [WARN] CRC 校验失败, 已丢弃帧 (累计 7)
[2026-10-04 11:32:40.986] [WARN] CRC 校验失败, 已丢弃帧 (累计 7)
[2026-10-04 11:32:41.119] [WARN] CRC 校验失败, 已丢弃帧 (累计 7)
[2026-10-04 11:32:41.251] [WARN] CRC 校验失败, 已丢弃帧 (累计 7)
[2026-10-04 11:32:41.384] [WARN] CRC 校验失败, 已丢弃帧 (累计 7)
[2026-10-04 11:32:41.384] [WARN] CRC 校验失败, 已丢弃帧 (累计 7)
[2026-10-04 11:32:41.519] [WARN] CRC 校验失败, 已丢弃帧 (累计 7)
[2026-10-04 11:32:41.653] [WARN] CRC 校验失败, 已丢弃帧 (累计 7)
[2026-10-04 11:32:41.786] [WARN] CRC 校验失败, 已丢弃帧 (累计 8)
[2026-10-04 11:32:41.786] [WARN] CRC 校验失败, 已丢弃帧 (累计 8)
[2026-10-04 11:32:41.921] [WARN] CRC 校验失败, 已丢弃帧 (累计 9)
[2026-10-04 11:32:42.030] [INFO] 发送 设置采样率 20 SPS / 同时抑制50+60Hz: AA 01 02 00 01 5D E4
[2026-10-04 11:32:42.030] [WARN] CRC 校验失败, 已丢弃帧 (累计 9)
[2026-10-04 11:32:42.172] [WARN] CRC 校验失败, 已丢弃帧 (累计 9)
[2026-10-04 11:32:42.305] [WARN] CRC 校验失败, 已丢弃帧 (累计 10)
[2026-10-04 11:32:42.419] [WARN] CRC 校验失败, 已丢弃帧 (累计 11)
[2026-10-04 11:32:42.419] [WARN] CRC 校验失败, 已丢弃帧 (累计 12)
[2026-10-04 11:32:42.530] [WARN] CRC 校验失败, 已丢弃帧 (累计 13)
[2026-10-04 11:32:42.639] [WARN] CRC 校验失败, 已丢弃帧 (累计 13)
[2026-10-04 11:32:42.771] [WARN] CRC 校验失败, 已丢弃帧 (累计 13)
[2026-10-04 11:32:42.903] [WARN] CRC 校验失败, 已丢弃帧 (累计 13)
[2026-10-04 11:32:43.034] [WARN] CRC 校验失败, 已丢弃帧 (累计 13)
[2026-10-04 11:32:43.166] [WARN] CRC 校验失败, 已丢弃帧 (累计 14)
[2026-10-04 11:32:43.167] [WARN] CRC 校验失败, 已丢弃帧 (累计 15)
[2026-10-04 11:32:43.277] [WARN] CRC 校验失败, 已丢弃帧 (累计 15)
[2026-10-04 11:32:43.408] [WARN] CRC 校验失败, 已丢弃帧 (累计 16)
[2026-10-04 11:32:43.519] [WARN] CRC 校验失败, 已丢弃帧 (累计 16)
[2026-10-04 11:32:43.649] [INFO] 发送 停止采集: AA 02 01 00 81 AC
[2026-10-04 11:32:43.649] [WARN] CRC 校验失败, 已丢弃帧 (累计 16)
[2026-10-04 11:32:45.537] [INFO] 发送 单次读取全部通道: AA 03 01 FF 90 2C
[2026-10-04 11:32:45.537] [INFO] 单次读取结果: 7/32 路有效
[2026-10-04 11:32:45.537] [WARN] CRC 校验失败, 已丢弃帧 (累计 16)
[2026-10-04 11:32:46.744] [INFO] 发送 启动采集: AA 02 01 01 40 6C
[2026-10-04 11:32:46.853] [WARN] CRC 校验失败, 已丢弃帧 (累计 16)
[2026-10-04 11:32:46.987] [WARN] CRC 校验失败, 已丢弃帧 (累计 17)
[2026-10-04 11:32:46.987] [WARN] CRC 校验失败, 已丢弃帧 (累计 18)
[2026-10-04 11:32:47.097] [WARN] CRC 校验失败, 已丢弃帧 (累计 18)
[2026-10-04 11:32:47.230] [WARN] CRC 校验失败, 已丢弃帧 (累计 18)
[2026-10-04 11:32:47.361] [WARN] CRC 校验失败, 已丢弃帧 (累计 19)
[2026-10-04 11:32:47.471] [WARN] CRC 校验失败, 已丢弃帧 (累计 19)
[2026-10-04 11:32:47.605] [WARN] CRC 校验失败, 已丢弃帧 (累计 20)
[2026-10-04 11:32:47.605] [WARN] CRC 校验失败, 已丢弃帧 (累计 21)
[2026-10-04 11:32:47.715] [WARN] CRC 校验失败, 已丢弃帧 (累计 22)
[2026-10-04 11:32:47.825] [WARN] CRC 校验失败, 已丢弃帧 (累计 22)
[2026-10-04 11:32:47.958] [WARN] CRC 校验失败, 已丢弃帧 (累计 23)
[2026-10-04 11:32:48.069] [WARN] CRC 校验失败, 已丢弃帧 (累计 24)
[2026-10-04 11:32:48.179] [WARN] CRC 校验失败, 已丢弃帧 (累计 25)
[2026-10-04 11:32:48.289] [INFO] 曲线已暂停 (数据仍在接收/记录)
[2026-10-04 11:32:48.291] [INFO] 曲线已继续 (数据仍在接收/记录)
[2026-10-04 11:32:48.291] [INFO] 保留点数 = 120
[2026-10-04 11:32:48.291] [INFO] 超温门限 = 500.0 °C
[2026-10-04 11:32:48.292] [INFO] 超温门限 = 1000.0 °C
[2026-10-04 11:32:48.293] [INFO] 开始记录 -> C:\Users\Eason\Desktop\pjpk\ADS122016\pc_ui\_gui_selftest_data\temperature_20261004_113248.csv
[2026-10-04 11:32:48.293] [WARN] CRC 校验失败, 已丢弃帧 (累计 26)
[2026-10-04 11:32:48.425] [WARN] CRC 校验失败, 已丢弃帧 (累计 27)
[2026-10-04 11:32:48.535] [WARN] CRC 校验失败, 已丢弃帧 (累计 28)
[2026-10-04 11:32:48.645] [WARN] CRC 校验失败, 已丢弃帧 (累计 29)
[2026-10-04 11:32:48.646] [WARN] CRC 校验失败, 已丢弃帧 (累计 30)
[2026-10-04 11:32:48.755] [WARN] CRC 校验失败, 已丢弃帧 (累计 30)
[2026-10-04 11:32:48.887] [WARN] CRC 校验失败, 已丢弃帧 (累计 31)
[2026-10-04 11:32:48.996] [WARN] CRC 校验失败, 已丢弃帧 (累计 31)
[2026-10-04 11:32:49.128] [WARN] CRC 校验失败, 已丢弃帧 (累计 31)
[2026-10-04 11:32:49.262] [WARN] CRC 校验失败, 已丢弃帧 (累计 31)
[2026-10-04 11:32:49.395] [WARN] CRC 校验失败, 已丢弃帧 (累计 32)
[2026-10-04 11:32:49.395] [WARN] CRC 校验失败, 已丢弃帧 (累计 32)
[2026-10-04 11:32:49.528] [WARN] CRC 校验失败, 已丢弃帧 (累计 32)
[2026-10-04 11:32:49.658] [WARN] CRC 校验失败, 已丢弃帧 (累计 33)
[2026-10-04 11:32:49.768] [WARN] CRC 校验失败, 已丢弃帧 (累计 33)
[2026-10-04 11:32:49.900] [WARN] CRC 校验失败, 已丢弃帧 (累计 34)
[2026-10-04 11:32:50.012] [WARN] CRC 校验失败, 已丢弃帧 (累计 34)
[2026-10-04 11:32:50.013] [WARN] CRC 校验失败, 已丢弃帧 (累计 35)
[2026-10-04 11:32:50.146] [WARN] CRC 校验失败, 已丢弃帧 (累计 35)
[2026-10-04 11:32:50.279] [WARN] CRC 校验失败, 已丢弃帧 (累计 35)
[2026-10-04 11:32:50.413] [WARN] CRC 校验失败, 已丢弃帧 (累计 35)
[2026-10-04 11:32:50.549] [WARN] CRC 校验失败, 已丢弃帧 (累计 35)
[2026-10-04 11:32:50.550] [WARN] CRC 校验失败, 已丢弃帧 (累计 36)
[2026-10-04 11:32:50.682] [WARN] CRC 校验失败, 已丢弃帧 (累计 36)
[2026-10-04 11:32:50.816] [INFO] 停止记录: 13 行 -> C:\Users\Eason\Desktop\pjpk\ADS122016\pc_ui\_gui_selftest_data\temperature_20261004_113248.csv
[2026-10-04 11:32:50.819] [INFO] 串口已断开
[2026-10-04 11:32:50.820] [WARN] CRC 校验失败, 已丢弃帧 (累计 37)
[2026-10-04 11:32:50.820] [INFO] 演示模式: 虚拟下位机已停止
