[2026-10-04 21:23:49.495] [INFO] 日志文件: C:\Users\Eason\Desktop\pjpk\ADS122016\pc_ui\logs\log_20261004_212349.log
[2026-10-04 21:23:49.725] [INFO] 分度表已加载: K 型 1643 点 -270…1372 °C  (-6458…54886 µV)   sha256 678e9720…
[2026-10-04 21:23:49.730] [INFO] 扫描到 4 个串口: COM1, COM2, COM3, COM4
[2026-10-04 21:23:49.730] [INFO] 界面已启动
[2026-10-04 21:24:03.134] [INFO] 正在打开串口 COM1 @ 115200 ...
[2026-10-04 21:24:03.327] [INFO] 串口已连接: COM1 @ 115200
[2026-10-04 21:24:03.535] [INFO] 发送 设置采样率 20 SPS / 不抑制: AA 01 02 00 00 9C 24
[2026-10-04 21:24:03.536] [INFO] 发送 设置软件平均次数 N=1: AA 04 01 01 A0 6D
[2026-10-04 21:24:03.536] [INFO] 软件平均 1 次: 噪声约降为 1/√1, 每通道耗时约 x1
[2026-10-04 21:24:03.536] [INFO] 发送 启动采集: AA 02 01 01 40 6C
[2026-10-04 21:24:03.544] [INFO] 固件上报模式: 原始帧 CMD=0x12 (µV + 冷端 °C, 温度由上位机查分度表算)
[2026-10-04 21:24:03.558] [INFO] 识别到本板通道数: 8 路 (4 片 ADS1220)
[2026-10-04 21:24:05.379] [INFO] 开始记录 -> C:\Users\Eason\Desktop\pjpk\ADS122016\data\temperature_20261004_212405.csv
[2026-10-04 21:24:07.067] [INFO] 停止记录: 15 行 -> C:\Users\Eason\Desktop\pjpk\ADS122016\data\temperature_20261004_212405.csv
[2026-10-04 21:24:40.811] [INFO] 开始记录 -> C:\Users\Eason\Desktop\pjpk\ADS122016\data\temperature_20261004_212440.csv
[2026-10-04 21:24:55.826] [INFO] 停止记录: 140 行 -> C:\Users\Eason\Desktop\pjpk\ADS122016\data\temperature_20261004_212440.csv
[2026-10-04 21:24:57.443] [INFO] 发送 启动采集: AA 02 01 01 40 6C
[2026-10-04 21:24:58.084] [INFO] 发送 停止采集: AA 02 01 00 81 AC
[2026-10-04 21:25:00.151] [INFO] 串口已断开
[2026-10-04 21:25:00.185] [INFO] 串口线程已退出
[2026-10-04 21:36:43.335] [INFO] 正在打开串口 COM1 @ 115200 ...
[2026-10-04 21:36:43.491] [INFO] 串口已连接: COM1 @ 115200
[2026-10-04 21:36:43.739] [INFO] 发送 设置采样率 20 SPS / 不抑制: AA 01 02 00 00 9C 24
[2026-10-04 21:36:43.739] [INFO] 发送 设置软件平均次数 N=1: AA 04 01 01 A0 6D
[2026-10-04 21:36:43.740] [INFO] 软件平均 1 次: 噪声约降为 1/√1, 每通道耗时约 x1
[2026-10-04 21:36:43.740] [INFO] 发送 启动采集: AA 02 01 01 40 6C
[2026-10-04 21:37:08.623] [INFO] 开始记录 -> C:\Users\Eason\Desktop\pjpk\ADS122016\data\temperature_20261004_213708.csv
[2026-10-04 21:37:15.020] [INFO] 停止记录: 59 行 -> C:\Users\Eason\Desktop\pjpk\ADS122016\data\temperature_20261004_213708.csv
[2026-10-04 21:37:18.768] [INFO] 串口已断开
[2026-10-04 21:37:18.770] [INFO] 串口线程已退出
[2026-10-04 21:37:35.246] [INFO] 采样率已选择 45 SPS (连接后自动下发)
[2026-10-04 21:37:37.226] [INFO] 正在打开串口 COM1 @ 115200 ...
[2026-10-04 21:37:37.335] [INFO] 串口已连接: COM1 @ 115200
[2026-10-04 21:37:37.627] [INFO] 发送 设置采样率 45 SPS / 不抑制: AA 01 02 01 00 9D B4
[2026-10-04 21:37:37.627] [INFO] 发送 设置软件平均次数 N=1: AA 04 01 01 A0 6D
[2026-10-04 21:37:37.627] [INFO] 软件平均 1 次: 噪声约降为 1/√1, 每通道耗时约 x1
[2026-10-04 21:37:37.628] [INFO] 发送 启动采集: AA 02 01 01 40 6C
[2026-10-04 21:37:40.097] [INFO] 开始记录 -> C:\Users\Eason\Desktop\pjpk\ADS122016\data\temperature_20261004_213740.csv
[2026-10-04 21:37:49.431] [WARN] 注意: 50/60Hz 抑制只在 20SPS 下有效, 固件会自动关闭该抑制
[2026-10-04 21:37:49.434] [INFO] 发送 设置采样率 45 SPS / 同时抑制50+60Hz: AA 01 02 01 01 5C 74
[2026-10-04 21:37:54.955] [INFO] 分度表已加载: E 型 1271 点 -270…1000 °C  (-9835…76373 µV)   sha256 0e39e237…
[2026-10-04 21:37:57.141] [INFO] 分度表已加载: J 型 1411 点 -210…1200 °C  (-8095…69553 µV)   sha256 75086ed2…
[2026-10-04 21:37:59.131] [INFO] 分度表已加载: K 型 1643 点 -270…1372 °C  (-6458…54886 µV)   sha256 678e9720…
[2026-10-04 21:38:02.725] [INFO] 停止记录: 211 行 -> C:\Users\Eason\Desktop\pjpk\ADS122016\data\temperature_20261004_213740.csv
[2026-10-04 21:38:05.230] [INFO] 串口已断开
[2026-10-04 21:38:05.234] [INFO] 串口线程已退出
